Archive member included because of file (symbol)

c:/program files/atmel/atmel toolchain/avr8 gcc/native/3.4.2.1002/avr8-gnu-toolchain/bin/../lib/gcc/avr/4.7.2/avr5\libgcc.a(_exit.o)
                              c:/program files/atmel/atmel toolchain/avr8 gcc/native/3.4.2.1002/avr8-gnu-toolchain/bin/../lib/gcc/avr/4.7.2/../../../../avr/lib/avr5/crtm32a.o (exit)
c:/program files/atmel/atmel toolchain/avr8 gcc/native/3.4.2.1002/avr8-gnu-toolchain/bin/../lib/gcc/avr/4.7.2/avr5\libgcc.a(_copy_data.o)
                              functions.o (__do_copy_data)
c:/program files/atmel/atmel toolchain/avr8 gcc/native/3.4.2.1002/avr8-gnu-toolchain/bin/../lib/gcc/avr/4.7.2/avr5\libgcc.a(_clear_bss.o)
                              ADF7020.o (__do_clear_bss)
c:/program files/atmel/atmel toolchain/avr8 gcc/native/3.4.2.1002/avr8-gnu-toolchain/bin/../lib/gcc/avr/4.7.2/avr5\libgcc.a(_ctors.o)
                              GlobalVariables.o (__do_global_ctors)
c:/program files/atmel/atmel toolchain/avr8 gcc/native/3.4.2.1002/avr8-gnu-toolchain/bin/../lib/gcc/avr/4.7.2/avr5\libgcc.a(_dtors.o)
                              GlobalVariables.o (__do_global_dtors)
c:/program files/atmel/atmel toolchain/avr8 gcc/native/3.4.2.1002/avr8-gnu-toolchain/bin/../lib/gcc/avr/4.7.2/avr5\libgcc.a(_usmulhisi3.o)
                              functions.o (__usmulhisi3)
c:/program files/atmel/atmel toolchain/avr8 gcc/native/3.4.2.1002/avr8-gnu-toolchain/bin/../lib/gcc/avr/4.7.2/avr5\libgcc.a(_mulshisi3.o)
                              functions.o (__mulshisi3)
c:/program files/atmel/atmel toolchain/avr8 gcc/native/3.4.2.1002/avr8-gnu-toolchain/bin/../lib/gcc/avr/4.7.2/avr5\libgcc.a(_tablejump.o)
                              c:/program files/atmel/atmel toolchain/avr8 gcc/native/3.4.2.1002/avr8-gnu-toolchain/bin/../lib/gcc/avr/4.7.2/avr5\libgcc.a(_ctors.o) (__tablejump__)
c:/program files/atmel/atmel toolchain/avr8 gcc/native/3.4.2.1002/avr8-gnu-toolchain/bin/../lib/gcc/avr/4.7.2/avr5\libgcc.a(_umulhisi3.o)
                              c:/program files/atmel/atmel toolchain/avr8 gcc/native/3.4.2.1002/avr8-gnu-toolchain/bin/../lib/gcc/avr/4.7.2/avr5\libgcc.a(_usmulhisi3.o) (__umulhisi3)
c:/program files/atmel/atmel toolchain/avr8 gcc/native/3.4.2.1002/avr8-gnu-toolchain/bin/../lib/gcc/avr/4.7.2/avr5\libgcc.a(_muluhisi3.o)
                              c:/program files/atmel/atmel toolchain/avr8 gcc/native/3.4.2.1002/avr8-gnu-toolchain/bin/../lib/gcc/avr/4.7.2/avr5\libgcc.a(_mulshisi3.o) (__muluhisi3)
c:/program files/atmel/atmel toolchain/avr8 gcc/native/3.4.2.1002/avr8-gnu-toolchain/bin/../lib/gcc/avr/4.7.2/../../../../avr/lib/avr5\libc.a(fputc.o)
                              Serial.o (fputc)
c:/program files/atmel/atmel toolchain/avr8 gcc/native/3.4.2.1002/avr8-gnu-toolchain/bin/../lib/gcc/avr/4.7.2/../../../../avr/lib/avr5\libc.a(iob.o)
                              Serial.o (__iob)

Allocating common symbols
Common symbol       size              file

__iob               0x6               c:/program files/atmel/atmel toolchain/avr8 gcc/native/3.4.2.1002/avr8-gnu-toolchain/bin/../lib/gcc/avr/4.7.2/../../../../avr/lib/avr5\libc.a(iob.o)

Discarded input sections

 .bss           0x00000000        0x0 c:/program files/atmel/atmel toolchain/avr8 gcc/native/3.4.2.1002/avr8-gnu-toolchain/bin/../lib/gcc/avr/4.7.2/../../../../avr/lib/avr5/crtm32a.o
 .text          0x00000000        0x0 ADF7020.o
 .text._ZN7ADF702012Set_RegisterEm
                0x00000000       0x4a ADF7020.o
 .text._ZN7ADF702017ADF_Program_CheckEv
                0x00000000      0x33c ADF7020.o
 .text._ZN7ADF702010receiveBitEv
                0x00000000       0x34 ADF7020.o
 .text          0x00000000        0x0 FIFO.o
 .bss           0x00000000        0x0 FIFO.o
 .text._ZN4FIFO17getFifoFreeLengthEv
                0x00000000       0x48 FIFO.o
 .text          0x00000000        0x0 functions.o
 .text._Z20madeGetStatusCommandc
                0x00000000       0x18 functions.o
 .text._Z11decodedelayc
                0x00000000      0x100 functions.o
 .text          0x00000000        0x0 GlobalVariables.o
 .text          0x00000000        0x0 main.o
 .text          0x00000000        0x0 Message.o
 .bss           0x00000000        0x0 Message.o
 .text._ZN7Message28constructBaseGetStatusPacketEv
                0x00000000       0x2c Message.o
 .text._ZN7Message23sendBaseGetStatusPacketEv
                0x00000000       0x38 Message.o
 .text          0x00000000        0x0 Packet.o
 .bss           0x00000000        0x0 Packet.o
 .text._ZN6Packet16isHeaderDetectedEPc
                0x00000000       0x12 Packet.o
 .text._ZN6Packet13calculatedCRCEPci
                0x00000000       0x2c Packet.o
 .text          0x00000000        0x0 Serial.o
 .bss           0x00000000        0x0 Serial.o
 .text._ZN6Serial8put32BitEi
                0x00000000       0x42 Serial.o
 .text._ZN6Serial7getCharEv
                0x00000000        0x8 Serial.o
 .text._ZN6Serial6putStrEPKc
                0x00000000       0x18 Serial.o
 .text._ZN6Serial10sendPacketEPci
                0x00000000       0x1c Serial.o
 .text          0x00000000        0x0 StationInfo.o
 .bss           0x00000000        0x0 StationInfo.o
 .text._ZN11StationInfo12calculateCRCEv
                0x00000000       0x1e StationInfo.o
 .text          0x00000000        0x0 Transceiver.o
 .bss           0x00000000        0x0 Transceiver.o
 .text._ZN11Transceiver17ADF_Program_CheckEv
                0x00000000        0x6 Transceiver.o
 .text._ZN11Transceiver14receiveInt1ISREv
                0x00000000       0x5a Transceiver.o
 .text._ZN11Transceiver14receiveInt2ISREv
                0x00000000        0x6 Transceiver.o
 .text._ZN11Transceiver8sendByteEc
                0x00000000        0x6 Transceiver.o
 .text._ZN11Transceiver18isTransmitterReadyEv
                0x00000000        0x6 Transceiver.o
 .text._ZN11Transceiver9clearFifoEv
                0x00000000        0x6 Transceiver.o
 .text          0x00000000        0x0 c:/program files/atmel/atmel toolchain/avr8 gcc/native/3.4.2.1002/avr8-gnu-toolchain/bin/../lib/gcc/avr/4.7.2/avr5\libgcc.a(_exit.o)
 .bss           0x00000000        0x0 c:/program files/atmel/atmel toolchain/avr8 gcc/native/3.4.2.1002/avr8-gnu-toolchain/bin/../lib/gcc/avr/4.7.2/avr5\libgcc.a(_exit.o)
 .text.libgcc.mul
                0x00000000        0x0 c:/program files/atmel/atmel toolchain/avr8 gcc/native/3.4.2.1002/avr8-gnu-toolchain/bin/../lib/gcc/avr/4.7.2/avr5\libgcc.a(_exit.o)
 .text.libgcc.div
                0x00000000        0x0 c:/program files/atmel/atmel toolchain/avr8 gcc/native/3.4.2.1002/avr8-gnu-toolchain/bin/../lib/gcc/avr/4.7.2/avr5\libgcc.a(_exit.o)
 .text.libgcc   0x00000000        0x0 c:/program files/atmel/atmel toolchain/avr8 gcc/native/3.4.2.1002/avr8-gnu-toolchain/bin/../lib/gcc/avr/4.7.2/avr5\libgcc.a(_exit.o)
 .text.libgcc.prologue
                0x00000000        0x0 c:/program files/atmel/atmel toolchain/avr8 gcc/native/3.4.2.1002/avr8-gnu-toolchain/bin/../lib/gcc/avr/4.7.2/avr5\libgcc.a(_exit.o)
 .text.libgcc.builtins
                0x00000000        0x0 c:/program files/atmel/atmel toolchain/avr8 gcc/native/3.4.2.1002/avr8-gnu-toolchain/bin/../lib/gcc/avr/4.7.2/avr5\libgcc.a(_exit.o)
 .text.libgcc.fmul
                0x00000000        0x0 c:/program files/atmel/atmel toolchain/avr8 gcc/native/3.4.2.1002/avr8-gnu-toolchain/bin/../lib/gcc/avr/4.7.2/avr5\libgcc.a(_exit.o)
 .text          0x00000000        0x0 c:/program files/atmel/atmel toolchain/avr8 gcc/native/3.4.2.1002/avr8-gnu-toolchain/bin/../lib/gcc/avr/4.7.2/avr5\libgcc.a(_copy_data.o)
 .bss           0x00000000        0x0 c:/program files/atmel/atmel toolchain/avr8 gcc/native/3.4.2.1002/avr8-gnu-toolchain/bin/../lib/gcc/avr/4.7.2/avr5\libgcc.a(_copy_data.o)
 .text.libgcc.mul
                0x00000000        0x0 c:/program files/atmel/atmel toolchain/avr8 gcc/native/3.4.2.1002/avr8-gnu-toolchain/bin/../lib/gcc/avr/4.7.2/avr5\libgcc.a(_copy_data.o)
 .text.libgcc.div
                0x00000000        0x0 c:/program files/atmel/atmel toolchain/avr8 gcc/native/3.4.2.1002/avr8-gnu-toolchain/bin/../lib/gcc/avr/4.7.2/avr5\libgcc.a(_copy_data.o)
 .text.libgcc   0x00000000        0x0 c:/program files/atmel/atmel toolchain/avr8 gcc/native/3.4.2.1002/avr8-gnu-toolchain/bin/../lib/gcc/avr/4.7.2/avr5\libgcc.a(_copy_data.o)
 .text.libgcc.prologue
                0x00000000        0x0 c:/program files/atmel/atmel toolchain/avr8 gcc/native/3.4.2.1002/avr8-gnu-toolchain/bin/../lib/gcc/avr/4.7.2/avr5\libgcc.a(_copy_data.o)
 .text.libgcc.builtins
                0x00000000        0x0 c:/program files/atmel/atmel toolchain/avr8 gcc/native/3.4.2.1002/avr8-gnu-toolchain/bin/../lib/gcc/avr/4.7.2/avr5\libgcc.a(_copy_data.o)
 .text.libgcc.fmul
                0x00000000        0x0 c:/program files/atmel/atmel toolchain/avr8 gcc/native/3.4.2.1002/avr8-gnu-toolchain/bin/../lib/gcc/avr/4.7.2/avr5\libgcc.a(_copy_data.o)
 .text          0x00000000        0x0 c:/program files/atmel/atmel toolchain/avr8 gcc/native/3.4.2.1002/avr8-gnu-toolchain/bin/../lib/gcc/avr/4.7.2/avr5\libgcc.a(_clear_bss.o)
 .bss           0x00000000        0x0 c:/program files/atmel/atmel toolchain/avr8 gcc/native/3.4.2.1002/avr8-gnu-toolchain/bin/../lib/gcc/avr/4.7.2/avr5\libgcc.a(_clear_bss.o)
 .text.libgcc.mul
                0x00000000        0x0 c:/program files/atmel/atmel toolchain/avr8 gcc/native/3.4.2.1002/avr8-gnu-toolchain/bin/../lib/gcc/avr/4.7.2/avr5\libgcc.a(_clear_bss.o)
 .text.libgcc.div
                0x00000000        0x0 c:/program files/atmel/atmel toolchain/avr8 gcc/native/3.4.2.1002/avr8-gnu-toolchain/bin/../lib/gcc/avr/4.7.2/avr5\libgcc.a(_clear_bss.o)
 .text.libgcc   0x00000000        0x0 c:/program files/atmel/atmel toolchain/avr8 gcc/native/3.4.2.1002/avr8-gnu-toolchain/bin/../lib/gcc/avr/4.7.2/avr5\libgcc.a(_clear_bss.o)
 .text.libgcc.prologue
                0x00000000        0x0 c:/program files/atmel/atmel toolchain/avr8 gcc/native/3.4.2.1002/avr8-gnu-toolchain/bin/../lib/gcc/avr/4.7.2/avr5\libgcc.a(_clear_bss.o)
 .text.libgcc.builtins
                0x00000000        0x0 c:/program files/atmel/atmel toolchain/avr8 gcc/native/3.4.2.1002/avr8-gnu-toolchain/bin/../lib/gcc/avr/4.7.2/avr5\libgcc.a(_clear_bss.o)
 .text.libgcc.fmul
                0x00000000        0x0 c:/program files/atmel/atmel toolchain/avr8 gcc/native/3.4.2.1002/avr8-gnu-toolchain/bin/../lib/gcc/avr/4.7.2/avr5\libgcc.a(_clear_bss.o)
 .text          0x00000000        0x0 c:/program files/atmel/atmel toolchain/avr8 gcc/native/3.4.2.1002/avr8-gnu-toolchain/bin/../lib/gcc/avr/4.7.2/avr5\libgcc.a(_ctors.o)
 .bss           0x00000000        0x0 c:/program files/atmel/atmel toolchain/avr8 gcc/native/3.4.2.1002/avr8-gnu-toolchain/bin/../lib/gcc/avr/4.7.2/avr5\libgcc.a(_ctors.o)
 .text.libgcc.mul
                0x00000000        0x0 c:/program files/atmel/atmel toolchain/avr8 gcc/native/3.4.2.1002/avr8-gnu-toolchain/bin/../lib/gcc/avr/4.7.2/avr5\libgcc.a(_ctors.o)
 .text.libgcc.div
                0x00000000        0x0 c:/program files/atmel/atmel toolchain/avr8 gcc/native/3.4.2.1002/avr8-gnu-toolchain/bin/../lib/gcc/avr/4.7.2/avr5\libgcc.a(_ctors.o)
 .text.libgcc   0x00000000        0x0 c:/program files/atmel/atmel toolchain/avr8 gcc/native/3.4.2.1002/avr8-gnu-toolchain/bin/../lib/gcc/avr/4.7.2/avr5\libgcc.a(_ctors.o)
 .text.libgcc.prologue
                0x00000000        0x0 c:/program files/atmel/atmel toolchain/avr8 gcc/native/3.4.2.1002/avr8-gnu-toolchain/bin/../lib/gcc/avr/4.7.2/avr5\libgcc.a(_ctors.o)
 .text.libgcc.builtins
                0x00000000        0x0 c:/program files/atmel/atmel toolchain/avr8 gcc/native/3.4.2.1002/avr8-gnu-toolchain/bin/../lib/gcc/avr/4.7.2/avr5\libgcc.a(_ctors.o)
 .text.libgcc.fmul
                0x00000000        0x0 c:/program files/atmel/atmel toolchain/avr8 gcc/native/3.4.2.1002/avr8-gnu-toolchain/bin/../lib/gcc/avr/4.7.2/avr5\libgcc.a(_ctors.o)
 .text          0x00000000        0x0 c:/program files/atmel/atmel toolchain/avr8 gcc/native/3.4.2.1002/avr8-gnu-toolchain/bin/../lib/gcc/avr/4.7.2/avr5\libgcc.a(_dtors.o)
 .bss           0x00000000        0x0 c:/program files/atmel/atmel toolchain/avr8 gcc/native/3.4.2.1002/avr8-gnu-toolchain/bin/../lib/gcc/avr/4.7.2/avr5\libgcc.a(_dtors.o)
 .text.libgcc.mul
                0x00000000        0x0 c:/program files/atmel/atmel toolchain/avr8 gcc/native/3.4.2.1002/avr8-gnu-toolchain/bin/../lib/gcc/avr/4.7.2/avr5\libgcc.a(_dtors.o)
 .text.libgcc.div
                0x00000000        0x0 c:/program files/atmel/atmel toolchain/avr8 gcc/native/3.4.2.1002/avr8-gnu-toolchain/bin/../lib/gcc/avr/4.7.2/avr5\libgcc.a(_dtors.o)
 .text.libgcc   0x00000000        0x0 c:/program files/atmel/atmel toolchain/avr8 gcc/native/3.4.2.1002/avr8-gnu-toolchain/bin/../lib/gcc/avr/4.7.2/avr5\libgcc.a(_dtors.o)
 .text.libgcc.prologue
                0x00000000        0x0 c:/program files/atmel/atmel toolchain/avr8 gcc/native/3.4.2.1002/avr8-gnu-toolchain/bin/../lib/gcc/avr/4.7.2/avr5\libgcc.a(_dtors.o)
 .text.libgcc.builtins
                0x00000000        0x0 c:/program files/atmel/atmel toolchain/avr8 gcc/native/3.4.2.1002/avr8-gnu-toolchain/bin/../lib/gcc/avr/4.7.2/avr5\libgcc.a(_dtors.o)
 .text.libgcc.fmul
                0x00000000        0x0 c:/program files/atmel/atmel toolchain/avr8 gcc/native/3.4.2.1002/avr8-gnu-toolchain/bin/../lib/gcc/avr/4.7.2/avr5\libgcc.a(_dtors.o)
 .text          0x00000000        0x0 c:/program files/atmel/atmel toolchain/avr8 gcc/native/3.4.2.1002/avr8-gnu-toolchain/bin/../lib/gcc/avr/4.7.2/avr5\libgcc.a(_usmulhisi3.o)
 .bss           0x00000000        0x0 c:/program files/atmel/atmel toolchain/avr8 gcc/native/3.4.2.1002/avr8-gnu-toolchain/bin/../lib/gcc/avr/4.7.2/avr5\libgcc.a(_usmulhisi3.o)
 .text.libgcc.div
                0x00000000        0x0 c:/program files/atmel/atmel toolchain/avr8 gcc/native/3.4.2.1002/avr8-gnu-toolchain/bin/../lib/gcc/avr/4.7.2/avr5\libgcc.a(_usmulhisi3.o)
 .text.libgcc   0x00000000        0x0 c:/program files/atmel/atmel toolchain/avr8 gcc/native/3.4.2.1002/avr8-gnu-toolchain/bin/../lib/gcc/avr/4.7.2/avr5\libgcc.a(_usmulhisi3.o)
 .text.libgcc.prologue
                0x00000000        0x0 c:/program files/atmel/atmel toolchain/avr8 gcc/native/3.4.2.1002/avr8-gnu-toolchain/bin/../lib/gcc/avr/4.7.2/avr5\libgcc.a(_usmulhisi3.o)
 .text.libgcc.builtins
                0x00000000        0x0 c:/program files/atmel/atmel toolchain/avr8 gcc/native/3.4.2.1002/avr8-gnu-toolchain/bin/../lib/gcc/avr/4.7.2/avr5\libgcc.a(_usmulhisi3.o)
 .text.libgcc.fmul
                0x00000000        0x0 c:/program files/atmel/atmel toolchain/avr8 gcc/native/3.4.2.1002/avr8-gnu-toolchain/bin/../lib/gcc/avr/4.7.2/avr5\libgcc.a(_usmulhisi3.o)
 .text          0x00000000        0x0 c:/program files/atmel/atmel toolchain/avr8 gcc/native/3.4.2.1002/avr8-gnu-toolchain/bin/../lib/gcc/avr/4.7.2/avr5\libgcc.a(_mulshisi3.o)
 .bss           0x00000000        0x0 c:/program files/atmel/atmel toolchain/avr8 gcc/native/3.4.2.1002/avr8-gnu-toolchain/bin/../lib/gcc/avr/4.7.2/avr5\libgcc.a(_mulshisi3.o)
 .text.libgcc.div
                0x00000000        0x0 c:/program files/atmel/atmel toolchain/avr8 gcc/native/3.4.2.1002/avr8-gnu-toolchain/bin/../lib/gcc/avr/4.7.2/avr5\libgcc.a(_mulshisi3.o)
 .text.libgcc   0x00000000        0x0 c:/program files/atmel/atmel toolchain/avr8 gcc/native/3.4.2.1002/avr8-gnu-toolchain/bin/../lib/gcc/avr/4.7.2/avr5\libgcc.a(_mulshisi3.o)
 .text.libgcc.prologue
                0x00000000        0x0 c:/program files/atmel/atmel toolchain/avr8 gcc/native/3.4.2.1002/avr8-gnu-toolchain/bin/../lib/gcc/avr/4.7.2/avr5\libgcc.a(_mulshisi3.o)
 .text.libgcc.builtins
                0x00000000        0x0 c:/program files/atmel/atmel toolchain/avr8 gcc/native/3.4.2.1002/avr8-gnu-toolchain/bin/../lib/gcc/avr/4.7.2/avr5\libgcc.a(_mulshisi3.o)
 .text.libgcc.fmul
                0x00000000        0x0 c:/program files/atmel/atmel toolchain/avr8 gcc/native/3.4.2.1002/avr8-gnu-toolchain/bin/../lib/gcc/avr/4.7.2/avr5\libgcc.a(_mulshisi3.o)
 .text          0x00000000        0x0 c:/program files/atmel/atmel toolchain/avr8 gcc/native/3.4.2.1002/avr8-gnu-toolchain/bin/../lib/gcc/avr/4.7.2/avr5\libgcc.a(_tablejump.o)
 .bss           0x00000000        0x0 c:/program files/atmel/atmel toolchain/avr8 gcc/native/3.4.2.1002/avr8-gnu-toolchain/bin/../lib/gcc/avr/4.7.2/avr5\libgcc.a(_tablejump.o)
 .text.libgcc.mul
                0x00000000        0x0 c:/program files/atmel/atmel toolchain/avr8 gcc/native/3.4.2.1002/avr8-gnu-toolchain/bin/../lib/gcc/avr/4.7.2/avr5\libgcc.a(_tablejump.o)
 .text.libgcc.div
                0x00000000        0x0 c:/program files/atmel/atmel toolchain/avr8 gcc/native/3.4.2.1002/avr8-gnu-toolchain/bin/../lib/gcc/avr/4.7.2/avr5\libgcc.a(_tablejump.o)
 .text.libgcc.prologue
                0x00000000        0x0 c:/program files/atmel/atmel toolchain/avr8 gcc/native/3.4.2.1002/avr8-gnu-toolchain/bin/../lib/gcc/avr/4.7.2/avr5\libgcc.a(_tablejump.o)
 .text.libgcc.builtins
                0x00000000        0x0 c:/program files/atmel/atmel toolchain/avr8 gcc/native/3.4.2.1002/avr8-gnu-toolchain/bin/../lib/gcc/avr/4.7.2/avr5\libgcc.a(_tablejump.o)
 .text.libgcc.fmul
                0x00000000        0x0 c:/program files/atmel/atmel toolchain/avr8 gcc/native/3.4.2.1002/avr8-gnu-toolchain/bin/../lib/gcc/avr/4.7.2/avr5\libgcc.a(_tablejump.o)
 .text          0x00000000        0x0 c:/program files/atmel/atmel toolchain/avr8 gcc/native/3.4.2.1002/avr8-gnu-toolchain/bin/../lib/gcc/avr/4.7.2/avr5\libgcc.a(_umulhisi3.o)
 .bss           0x00000000        0x0 c:/program files/atmel/atmel toolchain/avr8 gcc/native/3.4.2.1002/avr8-gnu-toolchain/bin/../lib/gcc/avr/4.7.2/avr5\libgcc.a(_umulhisi3.o)
 .text.libgcc.div
                0x00000000        0x0 c:/program files/atmel/atmel toolchain/avr8 gcc/native/3.4.2.1002/avr8-gnu-toolchain/bin/../lib/gcc/avr/4.7.2/avr5\libgcc.a(_umulhisi3.o)
 .text.libgcc   0x00000000        0x0 c:/program files/atmel/atmel toolchain/avr8 gcc/native/3.4.2.1002/avr8-gnu-toolchain/bin/../lib/gcc/avr/4.7.2/avr5\libgcc.a(_umulhisi3.o)
 .text.libgcc.prologue
                0x00000000        0x0 c:/program files/atmel/atmel toolchain/avr8 gcc/native/3.4.2.1002/avr8-gnu-toolchain/bin/../lib/gcc/avr/4.7.2/avr5\libgcc.a(_umulhisi3.o)
 .text.libgcc.builtins
                0x00000000        0x0 c:/program files/atmel/atmel toolchain/avr8 gcc/native/3.4.2.1002/avr8-gnu-toolchain/bin/../lib/gcc/avr/4.7.2/avr5\libgcc.a(_umulhisi3.o)
 .text.libgcc.fmul
                0x00000000        0x0 c:/program files/atmel/atmel toolchain/avr8 gcc/native/3.4.2.1002/avr8-gnu-toolchain/bin/../lib/gcc/avr/4.7.2/avr5\libgcc.a(_umulhisi3.o)
 .text          0x00000000        0x0 c:/program files/atmel/atmel toolchain/avr8 gcc/native/3.4.2.1002/avr8-gnu-toolchain/bin/../lib/gcc/avr/4.7.2/avr5\libgcc.a(_muluhisi3.o)
 .bss           0x00000000        0x0 c:/program files/atmel/atmel toolchain/avr8 gcc/native/3.4.2.1002/avr8-gnu-toolchain/bin/../lib/gcc/avr/4.7.2/avr5\libgcc.a(_muluhisi3.o)
 .text.libgcc.div
                0x00000000        0x0 c:/program files/atmel/atmel toolchain/avr8 gcc/native/3.4.2.1002/avr8-gnu-toolchain/bin/../lib/gcc/avr/4.7.2/avr5\libgcc.a(_muluhisi3.o)
 .text.libgcc   0x00000000        0x0 c:/program files/atmel/atmel toolchain/avr8 gcc/native/3.4.2.1002/avr8-gnu-toolchain/bin/../lib/gcc/avr/4.7.2/avr5\libgcc.a(_muluhisi3.o)
 .text.libgcc.prologue
                0x00000000        0x0 c:/program files/atmel/atmel toolchain/avr8 gcc/native/3.4.2.1002/avr8-gnu-toolchain/bin/../lib/gcc/avr/4.7.2/avr5\libgcc.a(_muluhisi3.o)
 .text.libgcc.builtins
                0x00000000        0x0 c:/program files/atmel/atmel toolchain/avr8 gcc/native/3.4.2.1002/avr8-gnu-toolchain/bin/../lib/gcc/avr/4.7.2/avr5\libgcc.a(_muluhisi3.o)
 .text.libgcc.fmul
                0x00000000        0x0 c:/program files/atmel/atmel toolchain/avr8 gcc/native/3.4.2.1002/avr8-gnu-toolchain/bin/../lib/gcc/avr/4.7.2/avr5\libgcc.a(_muluhisi3.o)
 .text          0x00000000        0x0 c:/program files/atmel/atmel toolchain/avr8 gcc/native/3.4.2.1002/avr8-gnu-toolchain/bin/../lib/gcc/avr/4.7.2/../../../../avr/lib/avr5\libc.a(fputc.o)
 .bss           0x00000000        0x0 c:/program files/atmel/atmel toolchain/avr8 gcc/native/3.4.2.1002/avr8-gnu-toolchain/bin/../lib/gcc/avr/4.7.2/../../../../avr/lib/avr5\libc.a(fputc.o)
 .text.avr-libc
                0x00000000       0x58 c:/program files/atmel/atmel toolchain/avr8 gcc/native/3.4.2.1002/avr8-gnu-toolchain/bin/../lib/gcc/avr/4.7.2/../../../../avr/lib/avr5\libc.a(fputc.o)
 .text          0x00000000        0x0 c:/program files/atmel/atmel toolchain/avr8 gcc/native/3.4.2.1002/avr8-gnu-toolchain/bin/../lib/gcc/avr/4.7.2/../../../../avr/lib/avr5\libc.a(iob.o)
 .bss           0x00000000        0x0 c:/program files/atmel/atmel toolchain/avr8 gcc/native/3.4.2.1002/avr8-gnu-toolchain/bin/../lib/gcc/avr/4.7.2/../../../../avr/lib/avr5\libc.a(iob.o)
 COMMON         0x00000000        0x6 c:/program files/atmel/atmel toolchain/avr8 gcc/native/3.4.2.1002/avr8-gnu-toolchain/bin/../lib/gcc/avr/4.7.2/../../../../avr/lib/avr5\libc.a(iob.o)

Memory Configuration

Name             Origin             Length             Attributes
text             0x00000000         0x00020000         xr
data             0x00800060         0x0000ffa0         rw !x
eeprom           0x00810000         0x00010000         rw !x
fuse             0x00820000         0x00000400         rw !x
lock             0x00830000         0x00000400         rw !x
signature        0x00840000         0x00000400         rw !x
user_signatures  0x00850000         0x00000400         rw !x
*default*        0x00000000         0xffffffff

Linker script and memory map

LOAD c:/program files/atmel/atmel toolchain/avr8 gcc/native/3.4.2.1002/avr8-gnu-toolchain/bin/../lib/gcc/avr/4.7.2/../../../../avr/lib/avr5/crtm32a.o
LOAD ADF7020.o
LOAD FIFO.o
LOAD functions.o
LOAD GlobalVariables.o
LOAD main.o
LOAD Message.o
LOAD Packet.o
LOAD Serial.o
LOAD StationInfo.o
LOAD Transceiver.o
START GROUP
LOAD c:/program files/atmel/atmel toolchain/avr8 gcc/native/3.4.2.1002/avr8-gnu-toolchain/bin/../lib/gcc/avr/4.7.2/../../../../avr/lib/avr5\libm.a
END GROUP
LOAD c:/program files/atmel/atmel toolchain/avr8 gcc/native/3.4.2.1002/avr8-gnu-toolchain/bin/../lib/gcc/avr/4.7.2/avr5\libgcc.a
LOAD c:/program files/atmel/atmel toolchain/avr8 gcc/native/3.4.2.1002/avr8-gnu-toolchain/bin/../lib/gcc/avr/4.7.2/../../../../avr/lib/avr5\libm.a
LOAD c:/program files/atmel/atmel toolchain/avr8 gcc/native/3.4.2.1002/avr8-gnu-toolchain/bin/../lib/gcc/avr/4.7.2/avr5\libgcc.a
LOAD c:/program files/atmel/atmel toolchain/avr8 gcc/native/3.4.2.1002/avr8-gnu-toolchain/bin/../lib/gcc/avr/4.7.2/../../../../avr/lib/avr5\libc.a
LOAD c:/program files/atmel/atmel toolchain/avr8 gcc/native/3.4.2.1002/avr8-gnu-toolchain/bin/../lib/gcc/avr/4.7.2/avr5\libgcc.a

.hash
 *(.hash)

.dynsym
 *(.dynsym)

.dynstr
 *(.dynstr)

.gnu.version
 *(.gnu.version)

.gnu.version_d
 *(.gnu.version_d)

.gnu.version_r
 *(.gnu.version_r)

.rel.init
 *(.rel.init)

.rela.init
 *(.rela.init)

.rel.text
 *(.rel.text)
 *(.rel.text.*)
 *(.rel.gnu.linkonce.t*)

.rela.text
 *(.rela.text)
 *(.rela.text.*)
 *(.rela.gnu.linkonce.t*)

.rel.fini
 *(.rel.fini)

.rela.fini
 *(.rela.fini)

.rel.rodata
 *(.rel.rodata)
 *(.rel.rodata.*)
 *(.rel.gnu.linkonce.r*)

.rela.rodata
 *(.rela.rodata)
 *(.rela.rodata.*)
 *(.rela.gnu.linkonce.r*)

.rel.data
 *(.rel.data)
 *(.rel.data.*)
 *(.rel.gnu.linkonce.d*)

.rela.data
 *(.rela.data)
 *(.rela.data.*)
 *(.rela.gnu.linkonce.d*)

.rel.ctors
 *(.rel.ctors)

.rela.ctors
 *(.rela.ctors)

.rel.dtors
 *(.rel.dtors)

.rela.dtors
 *(.rela.dtors)

.rel.got
 *(.rel.got)

.rela.got
 *(.rela.got)

.rel.bss
 *(.rel.bss)

.rela.bss
 *(.rela.bss)

.rel.plt
 *(.rel.plt)

.rela.plt
 *(.rela.plt)

.text           0x00000000     0x1fde
 *(.vectors)
 .vectors       0x00000000       0x54 c:/program files/atmel/atmel toolchain/avr8 gcc/native/3.4.2.1002/avr8-gnu-toolchain/bin/../lib/gcc/avr/4.7.2/../../../../avr/lib/avr5/crtm32a.o
                0x00000000                __vector_default
                0x00000000                __vectors
 *(.vectors)
 *(.progmem.gcc*)
 *(.progmem*)
                0x00000054                . = ALIGN (0x2)
                0x00000054                __trampolines_start = .
 *(.trampolines)
 .trampolines   0x00000054        0x0 linker stubs
 *(.trampolines*)
                0x00000054                __trampolines_end = .
 *(.jumptables)
 *(.jumptables*)
 *(.lowtext)
 *(.lowtext*)
                0x00000054                __ctors_start = .
 *(.ctors)
 .ctors         0x00000054        0x2 GlobalVariables.o
                0x00000056                __ctors_end = .
                0x00000056                __dtors_start = .
 *(.dtors)
 .dtors         0x00000056        0x2 GlobalVariables.o
                0x00000058                __dtors_end = .
 SORT(*)(.ctors)
 SORT(*)(.dtors)
 *(.init0)
 .init0         0x00000058        0x0 c:/program files/atmel/atmel toolchain/avr8 gcc/native/3.4.2.1002/avr8-gnu-toolchain/bin/../lib/gcc/avr/4.7.2/../../../../avr/lib/avr5/crtm32a.o
                0x00000058                __init
 *(.init0)
 *(.init1)
 *(.init1)
 *(.init2)
 .init2         0x00000058        0xc c:/program files/atmel/atmel toolchain/avr8 gcc/native/3.4.2.1002/avr8-gnu-toolchain/bin/../lib/gcc/avr/4.7.2/../../../../avr/lib/avr5/crtm32a.o
 *(.init2)
 *(.init3)
 *(.init3)
 *(.init4)
 .init4         0x00000064       0x16 c:/program files/atmel/atmel toolchain/avr8 gcc/native/3.4.2.1002/avr8-gnu-toolchain/bin/../lib/gcc/avr/4.7.2/avr5\libgcc.a(_copy_data.o)
                0x00000064                __do_copy_data
 .init4         0x0000007a       0x10 c:/program files/atmel/atmel toolchain/avr8 gcc/native/3.4.2.1002/avr8-gnu-toolchain/bin/../lib/gcc/avr/4.7.2/avr5\libgcc.a(_clear_bss.o)
                0x0000007a                __do_clear_bss
 *(.init4)
 *(.init5)
 *(.init5)
 *(.init6)
 .init6         0x0000008a       0x16 c:/program files/atmel/atmel toolchain/avr8 gcc/native/3.4.2.1002/avr8-gnu-toolchain/bin/../lib/gcc/avr/4.7.2/avr5\libgcc.a(_ctors.o)
                0x0000008a                __do_global_ctors
 *(.init6)
 *(.init7)
 *(.init7)
 *(.init8)
 *(.init8)
 *(.init9)
 .init9         0x000000a0        0x8 c:/program files/atmel/atmel toolchain/avr8 gcc/native/3.4.2.1002/avr8-gnu-toolchain/bin/../lib/gcc/avr/4.7.2/../../../../avr/lib/avr5/crtm32a.o
 *(.init9)
 *(.text)
 .text          0x000000a8        0x4 c:/program files/atmel/atmel toolchain/avr8 gcc/native/3.4.2.1002/avr8-gnu-toolchain/bin/../lib/gcc/avr/4.7.2/../../../../avr/lib/avr5/crtm32a.o
                0x000000a8                __vector_1
                0x000000a8                __vector_12
                0x000000a8                __bad_interrupt
                0x000000a8                __vector_6
                0x000000a8                __vector_11
                0x000000a8                __vector_13
                0x000000a8                __vector_17
                0x000000a8                __vector_19
                0x000000a8                __vector_5
                0x000000a8                __vector_4
                0x000000a8                __vector_9
                0x000000a8                __vector_15
                0x000000a8                __vector_8
                0x000000a8                __vector_14
                0x000000a8                __vector_10
                0x000000a8                __vector_16
                0x000000a8                __vector_18
                0x000000a8                __vector_20
                0x000000ac                . = ALIGN (0x2)
 *(.text.*)
 .text._ZN7ADF7020C2Ev
                0x000000ac       0x16 ADF7020.o
                0x000000ac                _ZN7ADF7020C2Ev
                0x000000ac                _ZN7ADF7020C1Ev
 .text._ZN7ADF7020D2Ev
                0x000000c2        0x2 ADF7020.o
                0x000000c2                _ZN7ADF7020D1Ev
                0x000000c2                _ZN7ADF7020D2Ev
 .text._ZN7ADF702018adf7020_InitializeEv
                0x000000c4      0x5cc ADF7020.o
                0x000000c4                _ZN7ADF702018adf7020_InitializeEv
 .text._ZN7ADF702011adfReadbackEc
                0x00000690      0x43c ADF7020.o
                0x00000690                _ZN7ADF702011adfReadbackEc
 .text._ZN7ADF70207setModeE14TranceiverMode
                0x00000acc       0x5e ADF7020.o
                0x00000acc                _ZN7ADF70207setModeE14TranceiverMode
 .text._ZN7ADF702014receiveInt1ISREv
                0x00000b2a       0x3a ADF7020.o
                0x00000b2a                _ZN7ADF702014receiveInt1ISREv
 .text._ZN7ADF702014receiveInt2ISREv
                0x00000b64        0xe ADF7020.o
                0x00000b64                _ZN7ADF702014receiveInt2ISREv
 .text._ZN7ADF702016transmitTimerISREv
                0x00000b72       0x52 ADF7020.o
                0x00000b72                _ZN7ADF702016transmitTimerISREv
 .text._ZN7ADF70208sendByteEc
                0x00000bc4        0x8 ADF7020.o
                0x00000bc4                _ZN7ADF70208sendByteEc
 .text._ZN7ADF702018isTransmitterReadyEv
                0x00000bcc        0x6 ADF7020.o
                0x00000bcc                _ZN7ADF702018isTransmitterReadyEv
 .text._ZN7ADF702011receiveByteEv
                0x00000bd2        0x8 ADF7020.o
                0x00000bd2                _ZN7ADF702011receiveByteEv
 .text._ZN7ADF702018isNewDataAvailableEv
                0x00000bda        0x6 ADF7020.o
                0x00000bda                _ZN7ADF702018isNewDataAvailableEv
 .text._ZN7ADF702010isReceiverEv
                0x00000be0        0xc ADF7020.o
                0x00000be0                _ZN7ADF702010isReceiverEv
 .text._ZN7ADF702020clearPreaambleDetectEv
                0x00000bec        0x6 ADF7020.o
                0x00000bec                _ZN7ADF702020clearPreaambleDetectEv
 .text._ZN7ADF702018adf7020_ChangeModeE14TranceiverMode
                0x00000bf2      0x18c ADF7020.o
                0x00000bf2                _ZN7ADF702018adf7020_ChangeModeE14TranceiverMode
 .text._ZN7ADF702018isPreambleDetectedEv
                0x00000d7e        0x6 ADF7020.o
                0x00000d7e                _ZN7ADF702018isPreambleDetectedEv
 .text._ZN4FIFOC2Ev
                0x00000d84       0x16 FIFO.o
                0x00000d84                _ZN4FIFOC2Ev
                0x00000d84                _ZN4FIFOC1Ev
 .text._ZN4FIFOD2Ev
                0x00000d9a        0x2 FIFO.o
                0x00000d9a                _ZN4FIFOD1Ev
                0x00000d9a                _ZN4FIFOD2Ev
 .text._ZN4FIFO8readByteEv
                0x00000d9c       0xa0 FIFO.o
                0x00000d9c                _ZN4FIFO8readByteEv
 .text._ZN4FIFO9writeByteEc
                0x00000e3c       0x7e FIFO.o
                0x00000e3c                _ZN4FIFO9writeByteEc
 .text._ZN4FIFO10readStringEPci
                0x00000eba       0xde FIFO.o
                0x00000eba                _ZN4FIFO10readStringEPci
 .text._ZN4FIFO11writeStringEPci
                0x00000f98       0xbc FIFO.o
                0x00000f98                _ZN4FIFO11writeStringEPci
 .text._ZN4FIFO17getFifoFullLengthEv
                0x00001054       0x54 FIFO.o
                0x00001054                _ZN4FIFO17getFifoFullLengthEv
 .text._ZN4FIFO9clearFifoEv
                0x000010a8       0x16 FIFO.o
                0x000010a8                _ZN4FIFO9clearFifoEv
 .text._Z16micro_Initializev
                0x000010be       0x4c functions.o
                0x000010be                _Z16micro_Initializev
 .text._Z9ToggleLEDc
                0x0000110a       0x5c functions.o
                0x0000110a                _Z9ToggleLEDc
 .text._Z6setLEDc
                0x00001166       0x2a functions.o
                0x00001166                _Z6setLEDc
 .text._Z8resetLEDc
                0x00001190       0x2a functions.o
                0x00001190                _Z8resetLEDc
 .text._Z19receivedDataProcessPci
                0x000011ba        0xc functions.o
                0x000011ba                _Z19receivedDataProcessPci
 .text._Z17setGlobalIntrruptv
                0x000011c6        0xa functions.o
                0x000011c6                _Z17setGlobalIntrruptv
 .text._Z19resetGlobalIntrruptv
                0x000011d0        0x8 functions.o
                0x000011d0                _Z19resetGlobalIntrruptv
 .text._Z25resetAndStoreIntrruptFlagv
                0x000011d8        0xc functions.o
                0x000011d8                _Z25resetAndStoreIntrruptFlagv
 .text._Z15restoreIntrruptc
                0x000011e4       0x16 functions.o
                0x000011e4                _Z15restoreIntrruptc
 .text._Z26processSerialReceivedBytesv
                0x000011fa      0x478 functions.o
                0x000011fa                _Z26processSerialReceivedBytesv
 .text._Z36madeGetStatusCommandBaseOnMACAddressc
                0x00001672       0x18 functions.o
                0x00001672                _Z36madeGetStatusCommandBaseOnMACAddressc
 .text._Z20sendAlliveSerialDatav
                0x0000168a       0x32 functions.o
                0x0000168a                _Z20sendAlliveSerialDatav
 .text._Z16ResetSearchArrayv
                0x000016bc       0x16 functions.o
                0x000016bc                _Z16ResetSearchArrayv
 .text._Z41__static_initialization_and_destruction_0ii.part.0
                0x000016d2       0x28 GlobalVariables.o
 .text.startup._GLOBAL__sub_I_serial
                0x000016fa       0x28 GlobalVariables.o
 .text.exit._GLOBAL__sub_D_serial
                0x00001722        0x4 GlobalVariables.o
 .text.startup.main
                0x00001726      0x342 main.o
                0x00001726                main
 .text._ZN6PacketC2Ev
                0x00001a68        0x8 Packet.o
                0x00001a68                _ZN6PacketC2Ev
                0x00001a68                _ZN6PacketC1Ev
 .text._ZN6PacketD2Ev
                0x00001a70        0x2 Packet.o
                0x00001a70                _ZN6PacketD2Ev
                0x00001a70                _ZN6PacketD1Ev
 .text._ZN6Packet12createPacketEPciS0_
                0x00001a72       0xd8 Packet.o
                0x00001a72                _ZN6Packet12createPacketEPciS0_
 .text._ZN6Packet11extractDataEPcRi
                0x00001b4a       0x9a Packet.o
                0x00001b4a                _ZN6Packet11extractDataEPcRi
 .text._ZN6Serial4initEi
                0x00001be4       0x26 Serial.o
                0x00001be4                _ZN6Serial4initEi
 .text._ZN6Serial7putCharEc
                0x00001c0a        0x8 Serial.o
                0x00001c0a                _ZN6Serial7putCharEc
 .text._ZN6Serial15isSerialTxEmptyEv
                0x00001c12        0xa Serial.o
                0x00001c12                _ZN6Serial15isSerialTxEmptyEv
 .text._ZN6Serial8put16BitEi
                0x00001c1c        0xe Serial.o
                0x00001c1c                _ZN6Serial8put16BitEi
 .text._ZN6Serial14isSerialRxFullEv
                0x00001c2a        0xa Serial.o
                0x00001c2a                _ZN6Serial14isSerialRxFullEv
 .text._ZN11StationInfoC2Ev
                0x00001c34        0xc StationInfo.o
                0x00001c34                _ZN11StationInfoC2Ev
                0x00001c34                _ZN11StationInfoC1Ev
 .text._ZN11StationInfoD2Ev
                0x00001c40        0x2 StationInfo.o
                0x00001c40                _ZN11StationInfoD1Ev
                0x00001c40                _ZN11StationInfoD2Ev
 .text._ZN11TransceiverC2Ev
                0x00001c42       0x26 Transceiver.o
                0x00001c42                _ZN11TransceiverC1Ev
                0x00001c42                _ZN11TransceiverC2Ev
 .text._ZN11TransceiverD2Ev
                0x00001c68       0x18 Transceiver.o
                0x00001c68                _ZN11TransceiverD1Ev
                0x00001c68                _ZN11TransceiverD2Ev
 .text._ZN11Transceiver7setModeE14TranceiverMode
                0x00001c80        0x6 Transceiver.o
                0x00001c80                _ZN11Transceiver7setModeE14TranceiverMode
 .text._ZN11Transceiver11adfReadbackEc
                0x00001c86        0x6 Transceiver.o
                0x00001c86                _ZN11Transceiver11adfReadbackEc
 .text._ZN11Transceiver16transmitTimerISREv
                0x00001c8c       0xea Transceiver.o
                0x00001c8c                _ZN11Transceiver16transmitTimerISREv
 .text._ZN11Transceiver10isReceiverEv
                0x00001d76        0x6 Transceiver.o
                0x00001d76                _ZN11Transceiver10isReceiverEv
 .text._ZN11Transceiver10changeModeEv
                0x00001d7c       0x66 Transceiver.o
                0x00001d7c                _ZN11Transceiver10changeModeEv
 .text._ZN11Transceiver11writePacketEPc
                0x00001de2       0x32 Transceiver.o
                0x00001de2                _ZN11Transceiver11writePacketEPc
 .text._ZN11Transceiver17getFifoFullLengthEv
                0x00001e14        0x6 Transceiver.o
                0x00001e14                _ZN11Transceiver17getFifoFullLengthEv
 .text._ZN11Transceiver18readReceivedPacketEPc
                0x00001e1a        0xe Transceiver.o
                0x00001e1a                _ZN11Transceiver18readReceivedPacketEPc
 .text._ZN11Transceiver18isPreambleDetectedEv
                0x00001e28        0x6 Transceiver.o
                0x00001e28                _ZN11Transceiver18isPreambleDetectedEv
 .text.__vector_2
                0x00001e2e       0x88 Transceiver.o
                0x00001e2e                __vector_2
 .text.__vector_3
                0x00001eb6       0x4c Transceiver.o
                0x00001eb6                __vector_3
 .text.__vector_7
                0x00001f02       0x6a Transceiver.o
                0x00001f02                __vector_7
 .text.libgcc.mul
                0x00001f6c        0xe c:/program files/atmel/atmel toolchain/avr8 gcc/native/3.4.2.1002/avr8-gnu-toolchain/bin/../lib/gcc/avr/4.7.2/avr5\libgcc.a(_usmulhisi3.o)
                0x00001f6c                __usmulhisi3
                0x00001f70                __usmulhisi3_tail
 .text.libgcc.mul
                0x00001f7a       0x10 c:/program files/atmel/atmel toolchain/avr8 gcc/native/3.4.2.1002/avr8-gnu-toolchain/bin/../lib/gcc/avr/4.7.2/avr5\libgcc.a(_mulshisi3.o)
                0x00001f7a                __mulshisi3
                0x00001f80                __mulohisi3
 .text.libgcc   0x00001f8a        0xc c:/program files/atmel/atmel toolchain/avr8 gcc/native/3.4.2.1002/avr8-gnu-toolchain/bin/../lib/gcc/avr/4.7.2/avr5\libgcc.a(_tablejump.o)
                0x00001f8a                __tablejump2__
                0x00001f8e                __tablejump__
 .text.libgcc.mul
                0x00001f96       0x18 c:/program files/atmel/atmel toolchain/avr8 gcc/native/3.4.2.1002/avr8-gnu-toolchain/bin/../lib/gcc/avr/4.7.2/avr5\libgcc.a(_umulhisi3.o)
                0x00001f96                __umulhisi3
 .text.libgcc.mul
                0x00001fae       0x16 c:/program files/atmel/atmel toolchain/avr8 gcc/native/3.4.2.1002/avr8-gnu-toolchain/bin/../lib/gcc/avr/4.7.2/avr5\libgcc.a(_muluhisi3.o)
                0x00001fae                __muluhisi3
                0x00001fc4                . = ALIGN (0x2)
 *(.fini9)
 .fini9         0x00001fc4        0x0 c:/program files/atmel/atmel toolchain/avr8 gcc/native/3.4.2.1002/avr8-gnu-toolchain/bin/../lib/gcc/avr/4.7.2/avr5\libgcc.a(_exit.o)
                0x00001fc4                _exit
                0x00001fc4                exit
 *(.fini9)
 *(.fini8)
 *(.fini8)
 *(.fini7)
 *(.fini7)
 *(.fini6)
 .fini6         0x00001fc4       0x16 c:/program files/atmel/atmel toolchain/avr8 gcc/native/3.4.2.1002/avr8-gnu-toolchain/bin/../lib/gcc/avr/4.7.2/avr5\libgcc.a(_dtors.o)
                0x00001fc4                __do_global_dtors
 *(.fini6)
 *(.fini5)
 *(.fini5)
 *(.fini4)
 *(.fini4)
 *(.fini3)
 *(.fini3)
 *(.fini2)
 *(.fini2)
 *(.fini1)
 *(.fini1)
 *(.fini0)
 .fini0         0x00001fda        0x4 c:/program files/atmel/atmel toolchain/avr8 gcc/native/3.4.2.1002/avr8-gnu-toolchain/bin/../lib/gcc/avr/4.7.2/avr5\libgcc.a(_exit.o)
 *(.fini0)
                0x00001fde                _etext = .

.data           0x00800060        0xe load address 0x00001fde
                0x00800060                PROVIDE (__data_start, .)
 *(.data)
 .data          0x00800060        0x0 c:/program files/atmel/atmel toolchain/avr8 gcc/native/3.4.2.1002/avr8-gnu-toolchain/bin/../lib/gcc/avr/4.7.2/../../../../avr/lib/avr5/crtm32a.o
 .data          0x00800060        0x0 ADF7020.o
 .data          0x00800060        0x0 FIFO.o
 .data          0x00800060        0x0 functions.o
 .data          0x00800060        0x2 GlobalVariables.o
                0x00800060                searchindex
 .data          0x00800062        0x0 main.o
 .data          0x00800062        0x0 Message.o
 .data          0x00800062        0x0 Packet.o
 .data          0x00800062        0x0 Serial.o
 .data          0x00800062        0x0 StationInfo.o
 .data          0x00800062        0x0 Transceiver.o
 .data          0x00800062        0x0 c:/program files/atmel/atmel toolchain/avr8 gcc/native/3.4.2.1002/avr8-gnu-toolchain/bin/../lib/gcc/avr/4.7.2/avr5\libgcc.a(_exit.o)
 .data          0x00800062        0x0 c:/program files/atmel/atmel toolchain/avr8 gcc/native/3.4.2.1002/avr8-gnu-toolchain/bin/../lib/gcc/avr/4.7.2/avr5\libgcc.a(_copy_data.o)
 .data          0x00800062        0x0 c:/program files/atmel/atmel toolchain/avr8 gcc/native/3.4.2.1002/avr8-gnu-toolchain/bin/../lib/gcc/avr/4.7.2/avr5\libgcc.a(_clear_bss.o)
 .data          0x00800062        0x0 c:/program files/atmel/atmel toolchain/avr8 gcc/native/3.4.2.1002/avr8-gnu-toolchain/bin/../lib/gcc/avr/4.7.2/avr5\libgcc.a(_ctors.o)
 .data          0x00800062        0x0 c:/program files/atmel/atmel toolchain/avr8 gcc/native/3.4.2.1002/avr8-gnu-toolchain/bin/../lib/gcc/avr/4.7.2/avr5\libgcc.a(_dtors.o)
 .data          0x00800062        0x0 c:/program files/atmel/atmel toolchain/avr8 gcc/native/3.4.2.1002/avr8-gnu-toolchain/bin/../lib/gcc/avr/4.7.2/avr5\libgcc.a(_usmulhisi3.o)
 .data          0x00800062        0x0 c:/program files/atmel/atmel toolchain/avr8 gcc/native/3.4.2.1002/avr8-gnu-toolchain/bin/../lib/gcc/avr/4.7.2/avr5\libgcc.a(_mulshisi3.o)
 .data          0x00800062        0x0 c:/program files/atmel/atmel toolchain/avr8 gcc/native/3.4.2.1002/avr8-gnu-toolchain/bin/../lib/gcc/avr/4.7.2/avr5\libgcc.a(_tablejump.o)
 .data          0x00800062        0x0 c:/program files/atmel/atmel toolchain/avr8 gcc/native/3.4.2.1002/avr8-gnu-toolchain/bin/../lib/gcc/avr/4.7.2/avr5\libgcc.a(_umulhisi3.o)
 .data          0x00800062        0x0 c:/program files/atmel/atmel toolchain/avr8 gcc/native/3.4.2.1002/avr8-gnu-toolchain/bin/../lib/gcc/avr/4.7.2/avr5\libgcc.a(_muluhisi3.o)
 .data          0x00800062        0x0 c:/program files/atmel/atmel toolchain/avr8 gcc/native/3.4.2.1002/avr8-gnu-toolchain/bin/../lib/gcc/avr/4.7.2/../../../../avr/lib/avr5\libc.a(fputc.o)
 .data          0x00800062        0x0 c:/program files/atmel/atmel toolchain/avr8 gcc/native/3.4.2.1002/avr8-gnu-toolchain/bin/../lib/gcc/avr/4.7.2/../../../../avr/lib/avr5\libc.a(iob.o)
 *(.data*)
 *(.rodata)
 *(.rodata*)
 .rodata.str1.1
                0x00800062        0xb functions.o
 *(.gnu.linkonce.d*)
                0x0080006e                . = ALIGN (0x2)
 *fill*         0x0080006d        0x1 
                0x0080006e                _edata = .
                0x0080006e                PROVIDE (__data_end, .)

.bss            0x0080006e      0x3ca
                0x0080006e                PROVIDE (__bss_start, .)
 *(.bss)
 .bss           0x0080006e       0xf1 ADF7020.o
                0x0080006e                ADF_Regs
 .bss           0x0080015f       0x1a functions.o
 .bss           0x00800179      0x239 GlobalVariables.o
                0x00800179                commandArray
                0x00800192                searchdelaymaxL
                0x00800194                searchdelaymaxH
                0x00800196                searchdelaycounterL
                0x00800198                searchdelaycounterH
                0x0080019a                searchpointer
                0x0080019c                searchingarray
                0x008001dc                timeoutCounter
                0x008001de                maximumSearchBaseStationIndex
                0x008001df                minimumSearchBaseStationIndex
                0x008001e0                automaticSearchModeFlag
                0x008001e1                commandRecievedFlag
                0x008001e2                intrruptFlag
                0x008001e3                stationInfo
                0x00800221                serialRxDataBuffer
                0x0080029e                serialTxDataBuffer
                0x0080031b                transceiver
                0x008003aa                packetProcessor
                0x008003af                serial
 .bss           0x008003b2       0x86 main.o
                0x008003b2                commandPacket
                0x008003f5                receivedPacket
 *(.bss*)
 *(COMMON)
                0x00800438                PROVIDE (__bss_end, .)
                0x00001fde                __data_load_start = LOADADDR (.data)
                0x00001fec                __data_load_end = (__data_load_start + SIZEOF (.data))

.noinit         0x00800438        0x0
                0x00800438                PROVIDE (__noinit_start, .)
 *(.noinit*)
                0x00800438                PROVIDE (__noinit_end, .)
                0x00800438                _end = .
                0x00800438                PROVIDE (__heap_start, .)

.eeprom         0x00810000        0x0
 *(.eeprom*)
                0x00810000                __eeprom_end = .

.fuse
 *(.fuse)
 *(.lfuse)
 *(.hfuse)
 *(.efuse)

.lock
 *(.lock*)

.signature
 *(.signature*)

.user_signatures
 *(.user_signatures*)

.stab           0x00000000      0x6cc
 *(.stab)
 .stab          0x00000000      0x6cc c:/program files/atmel/atmel toolchain/avr8 gcc/native/3.4.2.1002/avr8-gnu-toolchain/bin/../lib/gcc/avr/4.7.2/../../../../avr/lib/avr5/crtm32a.o

.stabstr        0x00000000       0x97
 *(.stabstr)
 .stabstr       0x00000000       0x97 c:/program files/atmel/atmel toolchain/avr8 gcc/native/3.4.2.1002/avr8-gnu-toolchain/bin/../lib/gcc/avr/4.7.2/../../../../avr/lib/avr5/crtm32a.o

.stab.excl
 *(.stab.excl)

.stab.exclstr
 *(.stab.exclstr)

.stab.index
 *(.stab.index)

.stab.indexstr
 *(.stab.indexstr)

.comment        0x00000000       0x2f
 *(.comment)
 .comment       0x00000000       0x2f ADF7020.o
                                 0x30 (size before relaxing)
 .comment       0x00000000       0x30 FIFO.o
 .comment       0x00000000       0x30 functions.o
 .comment       0x00000000       0x30 GlobalVariables.o
 .comment       0x00000000       0x30 main.o
 .comment       0x00000000       0x30 Message.o
 .comment       0x00000000       0x30 Packet.o
 .comment       0x00000000       0x30 Serial.o
 .comment       0x00000000       0x30 StationInfo.o
 .comment       0x00000000       0x30 Transceiver.o
 .comment       0x00000000       0x30 c:/program files/atmel/atmel toolchain/avr8 gcc/native/3.4.2.1002/avr8-gnu-toolchain/bin/../lib/gcc/avr/4.7.2/../../../../avr/lib/avr5\libc.a(fputc.o)
 .comment       0x00000000       0x30 c:/program files/atmel/atmel toolchain/avr8 gcc/native/3.4.2.1002/avr8-gnu-toolchain/bin/../lib/gcc/avr/4.7.2/../../../../avr/lib/avr5\libc.a(iob.o)

.debug
 *(.debug)

.line
 *(.line)

.debug_srcinfo
 *(.debug_srcinfo)

.debug_sfnames
 *(.debug_sfnames)

.debug_aranges  0x00000000      0x3e0
 *(.debug_aranges)
 .debug_aranges
                0x00000000       0xb0 ADF7020.o
 .debug_aranges
                0x000000b0       0x60 FIFO.o
 .debug_aranges
                0x00000110       0x90 functions.o
 .debug_aranges
                0x000001a0       0x30 GlobalVariables.o
 .debug_aranges
                0x000001d0       0x20 main.o
 .debug_aranges
                0x000001f0       0x28 Message.o
 .debug_aranges
                0x00000218       0x48 Packet.o
 .debug_aranges
                0x00000260       0x60 Serial.o
 .debug_aranges
                0x000002c0       0x30 StationInfo.o
 .debug_aranges
                0x000002f0       0xb8 Transceiver.o
 .debug_aranges
                0x000003a8       0x20 c:/program files/atmel/atmel toolchain/avr8 gcc/native/3.4.2.1002/avr8-gnu-toolchain/bin/../lib/gcc/avr/4.7.2/../../../../avr/lib/avr5\libc.a(fputc.o)
 .debug_aranges
                0x000003c8       0x18 c:/program files/atmel/atmel toolchain/avr8 gcc/native/3.4.2.1002/avr8-gnu-toolchain/bin/../lib/gcc/avr/4.7.2/../../../../avr/lib/avr5\libc.a(iob.o)

.debug_pubnames
 *(.debug_pubnames)

.debug_info     0x00000000     0x9620
 *(.debug_info)
 .debug_info    0x00000000     0x28b6 ADF7020.o
 .debug_info    0x000028b6      0x6f3 FIFO.o
 .debug_info    0x00002fa9      0xaf3 functions.o
 .debug_info    0x00003a9c     0x12a8 GlobalVariables.o
 .debug_info    0x00004d44     0x16bc main.o
 .debug_info    0x00006400      0x54b Message.o
 .debug_info    0x0000694b      0x795 Packet.o
 .debug_info    0x000070e0      0x6ea Serial.o
 .debug_info    0x000077ca      0x3b1 StationInfo.o
 .debug_info    0x00007b7b     0x17e3 Transceiver.o
 .debug_info    0x0000935e      0x174 c:/program files/atmel/atmel toolchain/avr8 gcc/native/3.4.2.1002/avr8-gnu-toolchain/bin/../lib/gcc/avr/4.7.2/../../../../avr/lib/avr5\libc.a(fputc.o)
 .debug_info    0x000094d2      0x14e c:/program files/atmel/atmel toolchain/avr8 gcc/native/3.4.2.1002/avr8-gnu-toolchain/bin/../lib/gcc/avr/4.7.2/../../../../avr/lib/avr5\libc.a(iob.o)
 *(.gnu.linkonce.wi.*)

.debug_abbrev   0x00000000     0x1d0d
 *(.debug_abbrev)
 .debug_abbrev  0x00000000      0x473 ADF7020.o
 .debug_abbrev  0x00000473      0x24d FIFO.o
 .debug_abbrev  0x000006c0      0x30d functions.o
 .debug_abbrev  0x000009cd      0x247 GlobalVariables.o
 .debug_abbrev  0x00000c14      0x33c main.o
 .debug_abbrev  0x00000f50      0x1fb Message.o
 .debug_abbrev  0x0000114b      0x275 Packet.o
 .debug_abbrev  0x000013c0      0x274 Serial.o
 .debug_abbrev  0x00001634      0x17f StationInfo.o
 .debug_abbrev  0x000017b3      0x3a8 Transceiver.o
 .debug_abbrev  0x00001b5b       0xf1 c:/program files/atmel/atmel toolchain/avr8 gcc/native/3.4.2.1002/avr8-gnu-toolchain/bin/../lib/gcc/avr/4.7.2/../../../../avr/lib/avr5\libc.a(fputc.o)
 .debug_abbrev  0x00001c4c       0xc1 c:/program files/atmel/atmel toolchain/avr8 gcc/native/3.4.2.1002/avr8-gnu-toolchain/bin/../lib/gcc/avr/4.7.2/../../../../avr/lib/avr5\libc.a(iob.o)

.debug_line     0x00000000     0x1bfe
 *(.debug_line)
 .debug_line    0x00000000      0x91d ADF7020.o
 .debug_line    0x0000091d      0x161 FIFO.o
 .debug_line    0x00000a7e      0x349 functions.o
 .debug_line    0x00000dc7      0x152 GlobalVariables.o
 .debug_line    0x00000f19      0x2ba main.o
 .debug_line    0x000011d3       0xa2 Message.o
 .debug_line    0x00001275      0x1dd Packet.o
 .debug_line    0x00001452      0x1b5 Serial.o
 .debug_line    0x00001607      0x111 StationInfo.o
 .debug_line    0x00001718      0x2f7 Transceiver.o
 .debug_line    0x00001a0f      0x104 c:/program files/atmel/atmel toolchain/avr8 gcc/native/3.4.2.1002/avr8-gnu-toolchain/bin/../lib/gcc/avr/4.7.2/../../../../avr/lib/avr5\libc.a(fputc.o)
 .debug_line    0x00001b13       0xeb c:/program files/atmel/atmel toolchain/avr8 gcc/native/3.4.2.1002/avr8-gnu-toolchain/bin/../lib/gcc/avr/4.7.2/../../../../avr/lib/avr5\libc.a(iob.o)

.debug_frame    0x00000000      0x988
 *(.debug_frame)
 .debug_frame   0x00000000      0x1c4 ADF7020.o
 .debug_frame   0x000001c4      0x188 FIFO.o
 .debug_frame   0x0000034c      0x114 functions.o
 .debug_frame   0x00000460       0x44 GlobalVariables.o
 .debug_frame   0x000004a4       0x34 main.o
 .debug_frame   0x000004d8       0x4c Message.o
 .debug_frame   0x00000524       0xa4 Packet.o
 .debug_frame   0x000005c8       0xb0 Serial.o
 .debug_frame   0x00000678       0x44 StationInfo.o
 .debug_frame   0x000006bc      0x294 Transceiver.o
 .debug_frame   0x00000950       0x38 c:/program files/atmel/atmel toolchain/avr8 gcc/native/3.4.2.1002/avr8-gnu-toolchain/bin/../lib/gcc/avr/4.7.2/../../../../avr/lib/avr5\libc.a(fputc.o)

.debug_str      0x00000000     0x222c
 *(.debug_str)
 .debug_str     0x00000000     0x12a3 ADF7020.o
                               0x1306 (size before relaxing)
 .debug_str     0x000012a3      0x1d6 FIFO.o
                                0x2c7 (size before relaxing)
 .debug_str     0x00001479      0x35d functions.o
                                0x8c1 (size before relaxing)
 .debug_str     0x000017d6      0x68f GlobalVariables.o
                               0x110d (size before relaxing)
 .debug_str     0x00001e65       0x60 main.o
                               0x142c (size before relaxing)
 .debug_str     0x00001ec5      0x11f Message.o
                                0x48d (size before relaxing)
 .debug_str     0x00001fe4       0x7d Packet.o
                                0x423 (size before relaxing)
 .debug_str     0x00002061       0x4a Serial.o
                                0x39d (size before relaxing)
 .debug_str     0x000020ab       0x3f StationInfo.o
                                0x2d7 (size before relaxing)
 .debug_str     0x000020ea       0x6d Transceiver.o
                                0xfb3 (size before relaxing)
 .debug_str     0x00002157       0x75 c:/program files/atmel/atmel toolchain/avr8 gcc/native/3.4.2.1002/avr8-gnu-toolchain/bin/../lib/gcc/avr/4.7.2/../../../../avr/lib/avr5\libc.a(fputc.o)
                                0x10d (size before relaxing)
 .debug_str     0x000021cc       0x60 c:/program files/atmel/atmel toolchain/avr8 gcc/native/3.4.2.1002/avr8-gnu-toolchain/bin/../lib/gcc/avr/4.7.2/../../../../avr/lib/avr5\libc.a(iob.o)
                                0x10d (size before relaxing)

.debug_loc      0x00000000     0x39be
 *(.debug_loc)
 .debug_loc     0x00000000     0x1367 ADF7020.o
 .debug_loc     0x00001367      0xa73 FIFO.o
 .debug_loc     0x00001dda      0x566 functions.o
 .debug_loc     0x00002340      0x214 main.o
 .debug_loc     0x00002554      0x1eb Message.o
 .debug_loc     0x0000273f      0x4c1 Packet.o
 .debug_loc     0x00002c00      0x228 Serial.o
 .debug_loc     0x00002e28       0x60 StationInfo.o
 .debug_loc     0x00002e88      0xa43 Transceiver.o
 .debug_loc     0x000038cb       0xf3 c:/program files/atmel/atmel toolchain/avr8 gcc/native/3.4.2.1002/avr8-gnu-toolchain/bin/../lib/gcc/avr/4.7.2/../../../../avr/lib/avr5\libc.a(fputc.o)

.debug_macinfo
 *(.debug_macinfo)

.debug_pubtypes
 *(.debug_pubtypes)

.debug_ranges   0x00000000      0x938
 *(.debug_ranges)
 .debug_ranges  0x00000000      0x328 ADF7020.o
 .debug_ranges  0x00000328      0x1f0 FIFO.o
 .debug_ranges  0x00000518       0xe8 functions.o
 .debug_ranges  0x00000600       0x20 GlobalVariables.o
 .debug_ranges  0x00000620       0xc8 main.o
 .debug_ranges  0x000006e8       0x18 Message.o
 .debug_ranges  0x00000700       0x60 Packet.o
 .debug_ranges  0x00000760       0x68 Serial.o
 .debug_ranges  0x000007c8       0x20 StationInfo.o
 .debug_ranges  0x000007e8      0x140 Transceiver.o
 .debug_ranges  0x00000928       0x10 c:/program files/atmel/atmel toolchain/avr8 gcc/native/3.4.2.1002/avr8-gnu-toolchain/bin/../lib/gcc/avr/4.7.2/../../../../avr/lib/avr5\libc.a(fputc.o)

.debug_macro
 *(.debug_macro)
OUTPUT(BaseStationCenter.elf elf32-avr)
LOAD linker stubs
