Archive member included because of file (symbol)

c:/program files/atmel/atmel toolchain/avr8 gcc/native/3.4.2.1002/avr8-gnu-toolchain/bin/../lib/gcc/avr/4.7.2/avr5\libgcc.a(_exit.o)
                              c:/program files/atmel/atmel toolchain/avr8 gcc/native/3.4.2.1002/avr8-gnu-toolchain/bin/../lib/gcc/avr/4.7.2/../../../../avr/lib/avr5/crtm16.o (exit)
c:/program files/atmel/atmel toolchain/avr8 gcc/native/3.4.2.1002/avr8-gnu-toolchain/bin/../lib/gcc/avr/4.7.2/avr5\libgcc.a(_copy_data.o)
                              functions.o (__do_copy_data)
c:/program files/atmel/atmel toolchain/avr8 gcc/native/3.4.2.1002/avr8-gnu-toolchain/bin/../lib/gcc/avr/4.7.2/avr5\libgcc.a(_clear_bss.o)
                              ADF7020.o (__do_clear_bss)
c:/program files/atmel/atmel toolchain/avr8 gcc/native/3.4.2.1002/avr8-gnu-toolchain/bin/../lib/gcc/avr/4.7.2/avr5\libgcc.a(_ctors.o)
                              GlobalVariables.o (__do_global_ctors)
c:/program files/atmel/atmel toolchain/avr8 gcc/native/3.4.2.1002/avr8-gnu-toolchain/bin/../lib/gcc/avr/4.7.2/avr5\libgcc.a(_dtors.o)
                              GlobalVariables.o (__do_global_dtors)
c:/program files/atmel/atmel toolchain/avr8 gcc/native/3.4.2.1002/avr8-gnu-toolchain/bin/../lib/gcc/avr/4.7.2/avr5\libgcc.a(_usmulhisi3.o)
                              functions.o (__usmulhisi3)
c:/program files/atmel/atmel toolchain/avr8 gcc/native/3.4.2.1002/avr8-gnu-toolchain/bin/../lib/gcc/avr/4.7.2/avr5\libgcc.a(_mulshisi3.o)
                              functions.o (__mulshisi3)
c:/program files/atmel/atmel toolchain/avr8 gcc/native/3.4.2.1002/avr8-gnu-toolchain/bin/../lib/gcc/avr/4.7.2/avr5\libgcc.a(_tablejump.o)
                              c:/program files/atmel/atmel toolchain/avr8 gcc/native/3.4.2.1002/avr8-gnu-toolchain/bin/../lib/gcc/avr/4.7.2/avr5\libgcc.a(_ctors.o) (__tablejump__)
c:/program files/atmel/atmel toolchain/avr8 gcc/native/3.4.2.1002/avr8-gnu-toolchain/bin/../lib/gcc/avr/4.7.2/avr5\libgcc.a(_umulhisi3.o)
                              c:/program files/atmel/atmel toolchain/avr8 gcc/native/3.4.2.1002/avr8-gnu-toolchain/bin/../lib/gcc/avr/4.7.2/avr5\libgcc.a(_usmulhisi3.o) (__umulhisi3)
c:/program files/atmel/atmel toolchain/avr8 gcc/native/3.4.2.1002/avr8-gnu-toolchain/bin/../lib/gcc/avr/4.7.2/avr5\libgcc.a(_muluhisi3.o)
                              c:/program files/atmel/atmel toolchain/avr8 gcc/native/3.4.2.1002/avr8-gnu-toolchain/bin/../lib/gcc/avr/4.7.2/avr5\libgcc.a(_mulshisi3.o) (__muluhisi3)
c:/program files/atmel/atmel toolchain/avr8 gcc/native/3.4.2.1002/avr8-gnu-toolchain/bin/../lib/gcc/avr/4.7.2/../../../../avr/lib/avr5\libc.a(fputc.o)
                              Serial.o (fputc)
c:/program files/atmel/atmel toolchain/avr8 gcc/native/3.4.2.1002/avr8-gnu-toolchain/bin/../lib/gcc/avr/4.7.2/../../../../avr/lib/avr5\libc.a(iob.o)
                              Serial.o (__iob)

Allocating common symbols
Common symbol       size              file

__iob               0x6               c:/program files/atmel/atmel toolchain/avr8 gcc/native/3.4.2.1002/avr8-gnu-toolchain/bin/../lib/gcc/avr/4.7.2/../../../../avr/lib/avr5\libc.a(iob.o)

Discarded input sections

 .bss           0x00000000        0x0 c:/program files/atmel/atmel toolchain/avr8 gcc/native/3.4.2.1002/avr8-gnu-toolchain/bin/../lib/gcc/avr/4.7.2/../../../../avr/lib/avr5/crtm16.o
 .text          0x00000000        0x0 ADF7020.o
 .text._ZN7ADF702012Set_RegisterEm
                0x00000000       0x4a ADF7020.o
 .text._ZN7ADF702017ADF_Program_CheckEv
                0x00000000      0x33c ADF7020.o
 .text._ZN7ADF702010receiveBitEv
                0x00000000       0x34 ADF7020.o
 .text          0x00000000        0x0 FIFO.o
 .bss           0x00000000        0x0 FIFO.o
 .text._ZN4FIFO17getFifoFreeLengthEv
                0x00000000       0x48 FIFO.o
 .text          0x00000000        0x0 functions.o
 .text._Z20madeGetStatusCommandc
                0x00000000       0x18 functions.o
 .text._Z11decodedelayc
                0x00000000       0xd6 functions.o
 .text          0x00000000        0x0 GlobalVariables.o
 .text          0x00000000        0x0 main.o
 .text          0x00000000        0x0 Message.o
 .bss           0x00000000        0x0 Message.o
 .text._ZN7Message28constructBaseGetStatusPacketEv
                0x00000000       0x2c Message.o
 .text._ZN7Message23sendBaseGetStatusPacketEv
                0x00000000       0x38 Message.o
 .text          0x00000000        0x0 Packet.o
 .bss           0x00000000        0x0 Packet.o
 .text._ZN6Packet16isHeaderDetectedEPc
                0x00000000       0x12 Packet.o
 .text._ZN6Packet13calculatedCRCEPci
                0x00000000       0x2c Packet.o
 .text          0x00000000        0x0 Serial.o
 .bss           0x00000000        0x0 Serial.o
 .text._ZN6Serial8put16BitEi
                0x00000000        0xe Serial.o
 .text._ZN6Serial8put32BitEi
                0x00000000       0x42 Serial.o
 .text._ZN6Serial7getCharEv
                0x00000000        0x8 Serial.o
 .text._ZN6Serial6putStrEPKc
                0x00000000       0x18 Serial.o
 .text._ZN6Serial10sendPacketEPci
                0x00000000       0x1c Serial.o
 .text          0x00000000        0x0 StationInfo.o
 .bss           0x00000000        0x0 StationInfo.o
 .text._ZN11StationInfo12calculateCRCEv
                0x00000000       0x1e StationInfo.o
 .text          0x00000000        0x0 Transceiver.o
 .bss           0x00000000        0x0 Transceiver.o
 .text._ZN11Transceiver17ADF_Program_CheckEv
                0x00000000        0x6 Transceiver.o
 .text._ZN11Transceiver14receiveInt1ISREv
                0x00000000       0x5a Transceiver.o
 .text._ZN11Transceiver14receiveInt2ISREv
                0x00000000        0x6 Transceiver.o
 .text._ZN11Transceiver8sendByteEc
                0x00000000        0x6 Transceiver.o
 .text._ZN11Transceiver18isTransmitterReadyEv
                0x00000000        0x6 Transceiver.o
 .text._ZN11Transceiver9clearFifoEv
                0x00000000        0x6 Transceiver.o
 .text          0x00000000        0x0 c:/program files/atmel/atmel toolchain/avr8 gcc/native/3.4.2.1002/avr8-gnu-toolchain/bin/../lib/gcc/avr/4.7.2/avr5\libgcc.a(_exit.o)
 .bss           0x00000000        0x0 c:/program files/atmel/atmel toolchain/avr8 gcc/native/3.4.2.1002/avr8-gnu-toolchain/bin/../lib/gcc/avr/4.7.2/avr5\libgcc.a(_exit.o)
 .text.libgcc.mul
                0x00000000        0x0 c:/program files/atmel/atmel toolchain/avr8 gcc/native/3.4.2.1002/avr8-gnu-toolchain/bin/../lib/gcc/avr/4.7.2/avr5\libgcc.a(_exit.o)
 .text.libgcc.div
                0x00000000        0x0 c:/program files/atmel/atmel toolchain/avr8 gcc/native/3.4.2.1002/avr8-gnu-toolchain/bin/../lib/gcc/avr/4.7.2/avr5\libgcc.a(_exit.o)
 .text.libgcc   0x00000000        0x0 c:/program files/atmel/atmel toolchain/avr8 gcc/native/3.4.2.1002/avr8-gnu-toolchain/bin/../lib/gcc/avr/4.7.2/avr5\libgcc.a(_exit.o)
 .text.libgcc.prologue
                0x00000000        0x0 c:/program files/atmel/atmel toolchain/avr8 gcc/native/3.4.2.1002/avr8-gnu-toolchain/bin/../lib/gcc/avr/4.7.2/avr5\libgcc.a(_exit.o)
 .text.libgcc.builtins
                0x00000000        0x0 c:/program files/atmel/atmel toolchain/avr8 gcc/native/3.4.2.1002/avr8-gnu-toolchain/bin/../lib/gcc/avr/4.7.2/avr5\libgcc.a(_exit.o)
 .text.libgcc.fmul
                0x00000000        0x0 c:/program files/atmel/atmel toolchain/avr8 gcc/native/3.4.2.1002/avr8-gnu-toolchain/bin/../lib/gcc/avr/4.7.2/avr5\libgcc.a(_exit.o)
 .text          0x00000000        0x0 c:/program files/atmel/atmel toolchain/avr8 gcc/native/3.4.2.1002/avr8-gnu-toolchain/bin/../lib/gcc/avr/4.7.2/avr5\libgcc.a(_copy_data.o)
 .bss           0x00000000        0x0 c:/program files/atmel/atmel toolchain/avr8 gcc/native/3.4.2.1002/avr8-gnu-toolchain/bin/../lib/gcc/avr/4.7.2/avr5\libgcc.a(_copy_data.o)
 .text.libgcc.mul
                0x00000000        0x0 c:/program files/atmel/atmel toolchain/avr8 gcc/native/3.4.2.1002/avr8-gnu-toolchain/bin/../lib/gcc/avr/4.7.2/avr5\libgcc.a(_copy_data.o)
 .text.libgcc.div
                0x00000000        0x0 c:/program files/atmel/atmel toolchain/avr8 gcc/native/3.4.2.1002/avr8-gnu-toolchain/bin/../lib/gcc/avr/4.7.2/avr5\libgcc.a(_copy_data.o)
 .text.libgcc   0x00000000        0x0 c:/program files/atmel/atmel toolchain/avr8 gcc/native/3.4.2.1002/avr8-gnu-toolchain/bin/../lib/gcc/avr/4.7.2/avr5\libgcc.a(_copy_data.o)
 .text.libgcc.prologue
                0x00000000        0x0 c:/program files/atmel/atmel toolchain/avr8 gcc/native/3.4.2.1002/avr8-gnu-toolchain/bin/../lib/gcc/avr/4.7.2/avr5\libgcc.a(_copy_data.o)
 .text.libgcc.builtins
                0x00000000        0x0 c:/program files/atmel/atmel toolchain/avr8 gcc/native/3.4.2.1002/avr8-gnu-toolchain/bin/../lib/gcc/avr/4.7.2/avr5\libgcc.a(_copy_data.o)
 .text.libgcc.fmul
                0x00000000        0x0 c:/program files/atmel/atmel toolchain/avr8 gcc/native/3.4.2.1002/avr8-gnu-toolchain/bin/../lib/gcc/avr/4.7.2/avr5\libgcc.a(_copy_data.o)
 .text          0x00000000        0x0 c:/program files/atmel/atmel toolchain/avr8 gcc/native/3.4.2.1002/avr8-gnu-toolchain/bin/../lib/gcc/avr/4.7.2/avr5\libgcc.a(_clear_bss.o)
 .bss           0x00000000        0x0 c:/program files/atmel/atmel toolchain/avr8 gcc/native/3.4.2.1002/avr8-gnu-toolchain/bin/../lib/gcc/avr/4.7.2/avr5\libgcc.a(_clear_bss.o)
 .text.libgcc.mul
                0x00000000        0x0 c:/program files/atmel/atmel toolchain/avr8 gcc/native/3.4.2.1002/avr8-gnu-toolchain/bin/../lib/gcc/avr/4.7.2/avr5\libgcc.a(_clear_bss.o)
 .text.libgcc.div
                0x00000000        0x0 c:/program files/atmel/atmel toolchain/avr8 gcc/native/3.4.2.1002/avr8-gnu-toolchain/bin/../lib/gcc/avr/4.7.2/avr5\libgcc.a(_clear_bss.o)
 .text.libgcc   0x00000000        0x0 c:/program files/atmel/atmel toolchain/avr8 gcc/native/3.4.2.1002/avr8-gnu-toolchain/bin/../lib/gcc/avr/4.7.2/avr5\libgcc.a(_clear_bss.o)
 .text.libgcc.prologue
                0x00000000        0x0 c:/program files/atmel/atmel toolchain/avr8 gcc/native/3.4.2.1002/avr8-gnu-toolchain/bin/../lib/gcc/avr/4.7.2/avr5\libgcc.a(_clear_bss.o)
 .text.libgcc.builtins
                0x00000000        0x0 c:/program files/atmel/atmel toolchain/avr8 gcc/native/3.4.2.1002/avr8-gnu-toolchain/bin/../lib/gcc/avr/4.7.2/avr5\libgcc.a(_clear_bss.o)
 .text.libgcc.fmul
                0x00000000        0x0 c:/program files/atmel/atmel toolchain/avr8 gcc/native/3.4.2.1002/avr8-gnu-toolchain/bin/../lib/gcc/avr/4.7.2/avr5\libgcc.a(_clear_bss.o)
 .text          0x00000000        0x0 c:/program files/atmel/atmel toolchain/avr8 gcc/native/3.4.2.1002/avr8-gnu-toolchain/bin/../lib/gcc/avr/4.7.2/avr5\libgcc.a(_ctors.o)
 .bss           0x00000000        0x0 c:/program files/atmel/atmel toolchain/avr8 gcc/native/3.4.2.1002/avr8-gnu-toolchain/bin/../lib/gcc/avr/4.7.2/avr5\libgcc.a(_ctors.o)
 .text.libgcc.mul
                0x00000000        0x0 c:/program files/atmel/atmel toolchain/avr8 gcc/native/3.4.2.1002/avr8-gnu-toolchain/bin/../lib/gcc/avr/4.7.2/avr5\libgcc.a(_ctors.o)
 .text.libgcc.div
                0x00000000        0x0 c:/program files/atmel/atmel toolchain/avr8 gcc/native/3.4.2.1002/avr8-gnu-toolchain/bin/../lib/gcc/avr/4.7.2/avr5\libgcc.a(_ctors.o)
 .text.libgcc   0x00000000        0x0 c:/program files/atmel/atmel toolchain/avr8 gcc/native/3.4.2.1002/avr8-gnu-toolchain/bin/../lib/gcc/avr/4.7.2/avr5\libgcc.a(_ctors.o)
 .text.libgcc.prologue
                0x00000000        0x0 c:/program files/atmel/atmel toolchain/avr8 gcc/native/3.4.2.1002/avr8-gnu-toolchain/bin/../lib/gcc/avr/4.7.2/avr5\libgcc.a(_ctors.o)
 .text.libgcc.builtins
                0x00000000        0x0 c:/program files/atmel/atmel toolchain/avr8 gcc/native/3.4.2.1002/avr8-gnu-toolchain/bin/../lib/gcc/avr/4.7.2/avr5\libgcc.a(_ctors.o)
 .text.libgcc.fmul
                0x00000000        0x0 c:/program files/atmel/atmel toolchain/avr8 gcc/native/3.4.2.1002/avr8-gnu-toolchain/bin/../lib/gcc/avr/4.7.2/avr5\libgcc.a(_ctors.o)
 .text          0x00000000        0x0 c:/program files/atmel/atmel toolchain/avr8 gcc/native/3.4.2.1002/avr8-gnu-toolchain/bin/../lib/gcc/avr/4.7.2/avr5\libgcc.a(_dtors.o)
 .bss           0x00000000        0x0 c:/program files/atmel/atmel toolchain/avr8 gcc/native/3.4.2.1002/avr8-gnu-toolchain/bin/../lib/gcc/avr/4.7.2/avr5\libgcc.a(_dtors.o)
 .text.libgcc.mul
                0x00000000        0x0 c:/program files/atmel/atmel toolchain/avr8 gcc/native/3.4.2.1002/avr8-gnu-toolchain/bin/../lib/gcc/avr/4.7.2/avr5\libgcc.a(_dtors.o)
 .text.libgcc.div
                0x00000000        0x0 c:/program files/atmel/atmel toolchain/avr8 gcc/native/3.4.2.1002/avr8-gnu-toolchain/bin/../lib/gcc/avr/4.7.2/avr5\libgcc.a(_dtors.o)
 .text.libgcc   0x00000000        0x0 c:/program files/atmel/atmel toolchain/avr8 gcc/native/3.4.2.1002/avr8-gnu-toolchain/bin/../lib/gcc/avr/4.7.2/avr5\libgcc.a(_dtors.o)
 .text.libgcc.prologue
                0x00000000        0x0 c:/program files/atmel/atmel toolchain/avr8 gcc/native/3.4.2.1002/avr8-gnu-toolchain/bin/../lib/gcc/avr/4.7.2/avr5\libgcc.a(_dtors.o)
 .text.libgcc.builtins
                0x00000000        0x0 c:/program files/atmel/atmel toolchain/avr8 gcc/native/3.4.2.1002/avr8-gnu-toolchain/bin/../lib/gcc/avr/4.7.2/avr5\libgcc.a(_dtors.o)
 .text.libgcc.fmul
                0x00000000        0x0 c:/program files/atmel/atmel toolchain/avr8 gcc/native/3.4.2.1002/avr8-gnu-toolchain/bin/../lib/gcc/avr/4.7.2/avr5\libgcc.a(_dtors.o)
 .text          0x00000000        0x0 c:/program files/atmel/atmel toolchain/avr8 gcc/native/3.4.2.1002/avr8-gnu-toolchain/bin/../lib/gcc/avr/4.7.2/avr5\libgcc.a(_usmulhisi3.o)
 .bss           0x00000000        0x0 c:/program files/atmel/atmel toolchain/avr8 gcc/native/3.4.2.1002/avr8-gnu-toolchain/bin/../lib/gcc/avr/4.7.2/avr5\libgcc.a(_usmulhisi3.o)
 .text.libgcc.div
                0x00000000        0x0 c:/program files/atmel/atmel toolchain/avr8 gcc/native/3.4.2.1002/avr8-gnu-toolchain/bin/../lib/gcc/avr/4.7.2/avr5\libgcc.a(_usmulhisi3.o)
 .text.libgcc   0x00000000        0x0 c:/program files/atmel/atmel toolchain/avr8 gcc/native/3.4.2.1002/avr8-gnu-toolchain/bin/../lib/gcc/avr/4.7.2/avr5\libgcc.a(_usmulhisi3.o)
 .text.libgcc.prologue
                0x00000000        0x0 c:/program files/atmel/atmel toolchain/avr8 gcc/native/3.4.2.1002/avr8-gnu-toolchain/bin/../lib/gcc/avr/4.7.2/avr5\libgcc.a(_usmulhisi3.o)
 .text.libgcc.builtins
                0x00000000        0x0 c:/program files/atmel/atmel toolchain/avr8 gcc/native/3.4.2.1002/avr8-gnu-toolchain/bin/../lib/gcc/avr/4.7.2/avr5\libgcc.a(_usmulhisi3.o)
 .text.libgcc.fmul
                0x00000000        0x0 c:/program files/atmel/atmel toolchain/avr8 gcc/native/3.4.2.1002/avr8-gnu-toolchain/bin/../lib/gcc/avr/4.7.2/avr5\libgcc.a(_usmulhisi3.o)
 .text          0x00000000        0x0 c:/program files/atmel/atmel toolchain/avr8 gcc/native/3.4.2.1002/avr8-gnu-toolchain/bin/../lib/gcc/avr/4.7.2/avr5\libgcc.a(_mulshisi3.o)
 .bss           0x00000000        0x0 c:/program files/atmel/atmel toolchain/avr8 gcc/native/3.4.2.1002/avr8-gnu-toolchain/bin/../lib/gcc/avr/4.7.2/avr5\libgcc.a(_mulshisi3.o)
 .text.libgcc.div
                0x00000000        0x0 c:/program files/atmel/atmel toolchain/avr8 gcc/native/3.4.2.1002/avr8-gnu-toolchain/bin/../lib/gcc/avr/4.7.2/avr5\libgcc.a(_mulshisi3.o)
 .text.libgcc   0x00000000        0x0 c:/program files/atmel/atmel toolchain/avr8 gcc/native/3.4.2.1002/avr8-gnu-toolchain/bin/../lib/gcc/avr/4.7.2/avr5\libgcc.a(_mulshisi3.o)
 .text.libgcc.prologue
                0x00000000        0x0 c:/program files/atmel/atmel toolchain/avr8 gcc/native/3.4.2.1002/avr8-gnu-toolchain/bin/../lib/gcc/avr/4.7.2/avr5\libgcc.a(_mulshisi3.o)
 .text.libgcc.builtins
                0x00000000        0x0 c:/program files/atmel/atmel toolchain/avr8 gcc/native/3.4.2.1002/avr8-gnu-toolchain/bin/../lib/gcc/avr/4.7.2/avr5\libgcc.a(_mulshisi3.o)
 .text.libgcc.fmul
                0x00000000        0x0 c:/program files/atmel/atmel toolchain/avr8 gcc/native/3.4.2.1002/avr8-gnu-toolchain/bin/../lib/gcc/avr/4.7.2/avr5\libgcc.a(_mulshisi3.o)
 .text          0x00000000        0x0 c:/program files/atmel/atmel toolchain/avr8 gcc/native/3.4.2.1002/avr8-gnu-toolchain/bin/../lib/gcc/avr/4.7.2/avr5\libgcc.a(_tablejump.o)
 .bss           0x00000000        0x0 c:/program files/atmel/atmel toolchain/avr8 gcc/native/3.4.2.1002/avr8-gnu-toolchain/bin/../lib/gcc/avr/4.7.2/avr5\libgcc.a(_tablejump.o)
 .text.libgcc.mul
                0x00000000        0x0 c:/program files/atmel/atmel toolchain/avr8 gcc/native/3.4.2.1002/avr8-gnu-toolchain/bin/../lib/gcc/avr/4.7.2/avr5\libgcc.a(_tablejump.o)
 .text.libgcc.div
                0x00000000        0x0 c:/program files/atmel/atmel toolchain/avr8 gcc/native/3.4.2.1002/avr8-gnu-toolchain/bin/../lib/gcc/avr/4.7.2/avr5\libgcc.a(_tablejump.o)
 .text.libgcc.prologue
                0x00000000        0x0 c:/program files/atmel/atmel toolchain/avr8 gcc/native/3.4.2.1002/avr8-gnu-toolchain/bin/../lib/gcc/avr/4.7.2/avr5\libgcc.a(_tablejump.o)
 .text.libgcc.builtins
                0x00000000        0x0 c:/program files/atmel/atmel toolchain/avr8 gcc/native/3.4.2.1002/avr8-gnu-toolchain/bin/../lib/gcc/avr/4.7.2/avr5\libgcc.a(_tablejump.o)
 .text.libgcc.fmul
                0x00000000        0x0 c:/program files/atmel/atmel toolchain/avr8 gcc/native/3.4.2.1002/avr8-gnu-toolchain/bin/../lib/gcc/avr/4.7.2/avr5\libgcc.a(_tablejump.o)
 .text          0x00000000        0x0 c:/program files/atmel/atmel toolchain/avr8 gcc/native/3.4.2.1002/avr8-gnu-toolchain/bin/../lib/gcc/avr/4.7.2/avr5\libgcc.a(_umulhisi3.o)
 .bss           0x00000000        0x0 c:/program files/atmel/atmel toolchain/avr8 gcc/native/3.4.2.1002/avr8-gnu-toolchain/bin/../lib/gcc/avr/4.7.2/avr5\libgcc.a(_umulhisi3.o)
 .text.libgcc.div
                0x00000000        0x0 c:/program files/atmel/atmel toolchain/avr8 gcc/native/3.4.2.1002/avr8-gnu-toolchain/bin/../lib/gcc/avr/4.7.2/avr5\libgcc.a(_umulhisi3.o)
 .text.libgcc   0x00000000        0x0 c:/program files/atmel/atmel toolchain/avr8 gcc/native/3.4.2.1002/avr8-gnu-toolchain/bin/../lib/gcc/avr/4.7.2/avr5\libgcc.a(_umulhisi3.o)
 .text.libgcc.prologue
                0x00000000        0x0 c:/program files/atmel/atmel toolchain/avr8 gcc/native/3.4.2.1002/avr8-gnu-toolchain/bin/../lib/gcc/avr/4.7.2/avr5\libgcc.a(_umulhisi3.o)
 .text.libgcc.builtins
                0x00000000        0x0 c:/program files/atmel/atmel toolchain/avr8 gcc/native/3.4.2.1002/avr8-gnu-toolchain/bin/../lib/gcc/avr/4.7.2/avr5\libgcc.a(_umulhisi3.o)
 .text.libgcc.fmul
                0x00000000        0x0 c:/program files/atmel/atmel toolchain/avr8 gcc/native/3.4.2.1002/avr8-gnu-toolchain/bin/../lib/gcc/avr/4.7.2/avr5\libgcc.a(_umulhisi3.o)
 .text          0x00000000        0x0 c:/program files/atmel/atmel toolchain/avr8 gcc/native/3.4.2.1002/avr8-gnu-toolchain/bin/../lib/gcc/avr/4.7.2/avr5\libgcc.a(_muluhisi3.o)
 .bss           0x00000000        0x0 c:/program files/atmel/atmel toolchain/avr8 gcc/native/3.4.2.1002/avr8-gnu-toolchain/bin/../lib/gcc/avr/4.7.2/avr5\libgcc.a(_muluhisi3.o)
 .text.libgcc.div
                0x00000000        0x0 c:/program files/atmel/atmel toolchain/avr8 gcc/native/3.4.2.1002/avr8-gnu-toolchain/bin/../lib/gcc/avr/4.7.2/avr5\libgcc.a(_muluhisi3.o)
 .text.libgcc   0x00000000        0x0 c:/program files/atmel/atmel toolchain/avr8 gcc/native/3.4.2.1002/avr8-gnu-toolchain/bin/../lib/gcc/avr/4.7.2/avr5\libgcc.a(_muluhisi3.o)
 .text.libgcc.prologue
                0x00000000        0x0 c:/program files/atmel/atmel toolchain/avr8 gcc/native/3.4.2.1002/avr8-gnu-toolchain/bin/../lib/gcc/avr/4.7.2/avr5\libgcc.a(_muluhisi3.o)
 .text.libgcc.builtins
                0x00000000        0x0 c:/program files/atmel/atmel toolchain/avr8 gcc/native/3.4.2.1002/avr8-gnu-toolchain/bin/../lib/gcc/avr/4.7.2/avr5\libgcc.a(_muluhisi3.o)
 .text.libgcc.fmul
                0x00000000        0x0 c:/program files/atmel/atmel toolchain/avr8 gcc/native/3.4.2.1002/avr8-gnu-toolchain/bin/../lib/gcc/avr/4.7.2/avr5\libgcc.a(_muluhisi3.o)
 .text          0x00000000        0x0 c:/program files/atmel/atmel toolchain/avr8 gcc/native/3.4.2.1002/avr8-gnu-toolchain/bin/../lib/gcc/avr/4.7.2/../../../../avr/lib/avr5\libc.a(fputc.o)
 .bss           0x00000000        0x0 c:/program files/atmel/atmel toolchain/avr8 gcc/native/3.4.2.1002/avr8-gnu-toolchain/bin/../lib/gcc/avr/4.7.2/../../../../avr/lib/avr5\libc.a(fputc.o)
 .text.avr-libc
                0x00000000       0x58 c:/program files/atmel/atmel toolchain/avr8 gcc/native/3.4.2.1002/avr8-gnu-toolchain/bin/../lib/gcc/avr/4.7.2/../../../../avr/lib/avr5\libc.a(fputc.o)
 .text          0x00000000        0x0 c:/program files/atmel/atmel toolchain/avr8 gcc/native/3.4.2.1002/avr8-gnu-toolchain/bin/../lib/gcc/avr/4.7.2/../../../../avr/lib/avr5\libc.a(iob.o)
 .bss           0x00000000        0x0 c:/program files/atmel/atmel toolchain/avr8 gcc/native/3.4.2.1002/avr8-gnu-toolchain/bin/../lib/gcc/avr/4.7.2/../../../../avr/lib/avr5\libc.a(iob.o)
 COMMON         0x00000000        0x6 c:/program files/atmel/atmel toolchain/avr8 gcc/native/3.4.2.1002/avr8-gnu-toolchain/bin/../lib/gcc/avr/4.7.2/../../../../avr/lib/avr5\libc.a(iob.o)

Memory Configuration

Name             Origin             Length             Attributes
text             0x00000000         0x00020000         xr
data             0x00800060         0x0000ffa0         rw !x
eeprom           0x00810000         0x00010000         rw !x
fuse             0x00820000         0x00000400         rw !x
lock             0x00830000         0x00000400         rw !x
signature        0x00840000         0x00000400         rw !x
user_signatures  0x00850000         0x00000400         rw !x
*default*        0x00000000         0xffffffff

Linker script and memory map

LOAD c:/program files/atmel/atmel toolchain/avr8 gcc/native/3.4.2.1002/avr8-gnu-toolchain/bin/../lib/gcc/avr/4.7.2/../../../../avr/lib/avr5/crtm16.o
LOAD ADF7020.o
LOAD FIFO.o
LOAD functions.o
LOAD GlobalVariables.o
LOAD main.o
LOAD Message.o
LOAD Packet.o
LOAD Serial.o
LOAD StationInfo.o
LOAD Transceiver.o
START GROUP
LOAD c:/program files/atmel/atmel toolchain/avr8 gcc/native/3.4.2.1002/avr8-gnu-toolchain/bin/../lib/gcc/avr/4.7.2/../../../../avr/lib/avr5\libm.a
END GROUP
LOAD c:/program files/atmel/atmel toolchain/avr8 gcc/native/3.4.2.1002/avr8-gnu-toolchain/bin/../lib/gcc/avr/4.7.2/avr5\libgcc.a
LOAD c:/program files/atmel/atmel toolchain/avr8 gcc/native/3.4.2.1002/avr8-gnu-toolchain/bin/../lib/gcc/avr/4.7.2/../../../../avr/lib/avr5\libm.a
LOAD c:/program files/atmel/atmel toolchain/avr8 gcc/native/3.4.2.1002/avr8-gnu-toolchain/bin/../lib/gcc/avr/4.7.2/avr5\libgcc.a
LOAD c:/program files/atmel/atmel toolchain/avr8 gcc/native/3.4.2.1002/avr8-gnu-toolchain/bin/../lib/gcc/avr/4.7.2/../../../../avr/lib/avr5\libc.a
LOAD c:/program files/atmel/atmel toolchain/avr8 gcc/native/3.4.2.1002/avr8-gnu-toolchain/bin/../lib/gcc/avr/4.7.2/avr5\libgcc.a

.hash
 *(.hash)

.dynsym
 *(.dynsym)

.dynstr
 *(.dynstr)

.gnu.version
 *(.gnu.version)

.gnu.version_d
 *(.gnu.version_d)

.gnu.version_r
 *(.gnu.version_r)

.rel.init
 *(.rel.init)

.rela.init
 *(.rela.init)

.rel.text
 *(.rel.text)
 *(.rel.text.*)
 *(.rel.gnu.linkonce.t*)

.rela.text
 *(.rela.text)
 *(.rela.text.*)
 *(.rela.gnu.linkonce.t*)

.rel.fini
 *(.rel.fini)

.rela.fini
 *(.rela.fini)

.rel.rodata
 *(.rel.rodata)
 *(.rel.rodata.*)
 *(.rel.gnu.linkonce.r*)

.rela.rodata
 *(.rela.rodata)
 *(.rela.rodata.*)
 *(.rela.gnu.linkonce.r*)

.rel.data
 *(.rel.data)
 *(.rel.data.*)
 *(.rel.gnu.linkonce.d*)

.rela.data
 *(.rela.data)
 *(.rela.data.*)
 *(.rela.gnu.linkonce.d*)

.rel.ctors
 *(.rel.ctors)

.rela.ctors
 *(.rela.ctors)

.rel.dtors
 *(.rel.dtors)

.rela.dtors
 *(.rela.dtors)

.rel.got
 *(.rel.got)

.rela.got
 *(.rela.got)

.rel.bss
 *(.rel.bss)

.rela.bss
 *(.rela.bss)

.rel.plt
 *(.rel.plt)

.rela.plt
 *(.rela.plt)

.text           0x00000000     0x1fa6
 *(.vectors)
 .vectors       0x00000000       0x54 c:/program files/atmel/atmel toolchain/avr8 gcc/native/3.4.2.1002/avr8-gnu-toolchain/bin/../lib/gcc/avr/4.7.2/../../../../avr/lib/avr5/crtm16.o
                0x00000000                __vector_default
                0x00000000                __vectors
 *(.vectors)
 *(.progmem.gcc*)
 *(.progmem*)
                0x00000054                . = ALIGN (0x2)
                0x00000054                __trampolines_start = .
 *(.trampolines)
 .trampolines   0x00000054        0x0 linker stubs
 *(.trampolines*)
                0x00000054                __trampolines_end = .
 *(.jumptables)
 *(.jumptables*)
 *(.lowtext)
 *(.lowtext*)
                0x00000054                __ctors_start = .
 *(.ctors)
 .ctors         0x00000054        0x2 GlobalVariables.o
                0x00000056                __ctors_end = .
                0x00000056                __dtors_start = .
 *(.dtors)
 .dtors         0x00000056        0x2 GlobalVariables.o
                0x00000058                __dtors_end = .
 SORT(*)(.ctors)
 SORT(*)(.dtors)
 *(.init0)
 .init0         0x00000058        0x0 c:/program files/atmel/atmel toolchain/avr8 gcc/native/3.4.2.1002/avr8-gnu-toolchain/bin/../lib/gcc/avr/4.7.2/../../../../avr/lib/avr5/crtm16.o
                0x00000058                __init
 *(.init0)
 *(.init1)
 *(.init1)
 *(.init2)
 .init2         0x00000058        0xc c:/program files/atmel/atmel toolchain/avr8 gcc/native/3.4.2.1002/avr8-gnu-toolchain/bin/../lib/gcc/avr/4.7.2/../../../../avr/lib/avr5/crtm16.o
 *(.init2)
 *(.init3)
 *(.init3)
 *(.init4)
 .init4         0x00000064       0x16 c:/program files/atmel/atmel toolchain/avr8 gcc/native/3.4.2.1002/avr8-gnu-toolchain/bin/../lib/gcc/avr/4.7.2/avr5\libgcc.a(_copy_data.o)
                0x00000064                __do_copy_data
 .init4         0x0000007a       0x10 c:/program files/atmel/atmel toolchain/avr8 gcc/native/3.4.2.1002/avr8-gnu-toolchain/bin/../lib/gcc/avr/4.7.2/avr5\libgcc.a(_clear_bss.o)
                0x0000007a                __do_clear_bss
 *(.init4)
 *(.init5)
 *(.init5)
 *(.init6)
 .init6         0x0000008a       0x16 c:/program files/atmel/atmel toolchain/avr8 gcc/native/3.4.2.1002/avr8-gnu-toolchain/bin/../lib/gcc/avr/4.7.2/avr5\libgcc.a(_ctors.o)
                0x0000008a                __do_global_ctors
 *(.init6)
 *(.init7)
 *(.init7)
 *(.init8)
 *(.init8)
 *(.init9)
 .init9         0x000000a0        0x8 c:/program files/atmel/atmel toolchain/avr8 gcc/native/3.4.2.1002/avr8-gnu-toolchain/bin/../lib/gcc/avr/4.7.2/../../../../avr/lib/avr5/crtm16.o
 *(.init9)
 *(.text)
 .text          0x000000a8        0x4 c:/program files/atmel/atmel toolchain/avr8 gcc/native/3.4.2.1002/avr8-gnu-toolchain/bin/../lib/gcc/avr/4.7.2/../../../../avr/lib/avr5/crtm16.o
                0x000000a8                __vector_1
                0x000000a8                __vector_12
                0x000000a8                __bad_interrupt
                0x000000a8                __vector_3
                0x000000a8                __vector_11
                0x000000a8                __vector_13
                0x000000a8                __vector_17
                0x000000a8                __vector_19
                0x000000a8                __vector_7
                0x000000a8                __vector_5
                0x000000a8                __vector_4
                0x000000a8                __vector_9
                0x000000a8                __vector_15
                0x000000a8                __vector_8
                0x000000a8                __vector_14
                0x000000a8                __vector_10
                0x000000a8                __vector_16
                0x000000a8                __vector_20
                0x000000ac                . = ALIGN (0x2)
 *(.text.*)
 .text._ZN7ADF7020C2Ev
                0x000000ac       0x16 ADF7020.o
                0x000000ac                _ZN7ADF7020C2Ev
                0x000000ac                _ZN7ADF7020C1Ev
 .text._ZN7ADF7020D2Ev
                0x000000c2        0x2 ADF7020.o
                0x000000c2                _ZN7ADF7020D1Ev
                0x000000c2                _ZN7ADF7020D2Ev
 .text._ZN7ADF702018adf7020_InitializeEv
                0x000000c4      0x5c6 ADF7020.o
                0x000000c4                _ZN7ADF702018adf7020_InitializeEv
 .text._ZN7ADF702011adfReadbackEc
                0x0000068a      0x43c ADF7020.o
                0x0000068a                _ZN7ADF702011adfReadbackEc
 .text._ZN7ADF70207setModeE14TranceiverMode
                0x00000ac6       0x5e ADF7020.o
                0x00000ac6                _ZN7ADF70207setModeE14TranceiverMode
 .text._ZN7ADF702014receiveInt1ISREv
                0x00000b24       0x3a ADF7020.o
                0x00000b24                _ZN7ADF702014receiveInt1ISREv
 .text._ZN7ADF702014receiveInt2ISREv
                0x00000b5e        0xe ADF7020.o
                0x00000b5e                _ZN7ADF702014receiveInt2ISREv
 .text._ZN7ADF702016transmitTimerISREv
                0x00000b6c       0x52 ADF7020.o
                0x00000b6c                _ZN7ADF702016transmitTimerISREv
 .text._ZN7ADF70208sendByteEc
                0x00000bbe        0x8 ADF7020.o
                0x00000bbe                _ZN7ADF70208sendByteEc
 .text._ZN7ADF702018isTransmitterReadyEv
                0x00000bc6        0x6 ADF7020.o
                0x00000bc6                _ZN7ADF702018isTransmitterReadyEv
 .text._ZN7ADF702011receiveByteEv
                0x00000bcc        0x8 ADF7020.o
                0x00000bcc                _ZN7ADF702011receiveByteEv
 .text._ZN7ADF702018isNewDataAvailableEv
                0x00000bd4        0x6 ADF7020.o
                0x00000bd4                _ZN7ADF702018isNewDataAvailableEv
 .text._ZN7ADF702010isReceiverEv
                0x00000bda        0xc ADF7020.o
                0x00000bda                _ZN7ADF702010isReceiverEv
 .text._ZN7ADF702020clearPreaambleDetectEv
                0x00000be6        0x6 ADF7020.o
                0x00000be6                _ZN7ADF702020clearPreaambleDetectEv
 .text._ZN7ADF702018adf7020_ChangeModeE14TranceiverMode
                0x00000bec      0x180 ADF7020.o
                0x00000bec                _ZN7ADF702018adf7020_ChangeModeE14TranceiverMode
 .text._ZN7ADF702018isPreambleDetectedEv
                0x00000d6c        0x6 ADF7020.o
                0x00000d6c                _ZN7ADF702018isPreambleDetectedEv
 .text._ZN4FIFOC2Ev
                0x00000d72       0x16 FIFO.o
                0x00000d72                _ZN4FIFOC2Ev
                0x00000d72                _ZN4FIFOC1Ev
 .text._ZN4FIFOD2Ev
                0x00000d88        0x2 FIFO.o
                0x00000d88                _ZN4FIFOD1Ev
                0x00000d88                _ZN4FIFOD2Ev
 .text._ZN4FIFO8readByteEv
                0x00000d8a       0xa0 FIFO.o
                0x00000d8a                _ZN4FIFO8readByteEv
 .text._ZN4FIFO9writeByteEc
                0x00000e2a       0x7e FIFO.o
                0x00000e2a                _ZN4FIFO9writeByteEc
 .text._ZN4FIFO10readStringEPci
                0x00000ea8       0xde FIFO.o
                0x00000ea8                _ZN4FIFO10readStringEPci
 .text._ZN4FIFO11writeStringEPci
                0x00000f86       0xbc FIFO.o
                0x00000f86                _ZN4FIFO11writeStringEPci
 .text._ZN4FIFO17getFifoFullLengthEv
                0x00001042       0x54 FIFO.o
                0x00001042                _ZN4FIFO17getFifoFullLengthEv
 .text._ZN4FIFO9clearFifoEv
                0x00001096       0x16 FIFO.o
                0x00001096                _ZN4FIFO9clearFifoEv
 .text._Z16micro_Initializev
                0x000010ac       0x4c functions.o
                0x000010ac                _Z16micro_Initializev
 .text._Z9ToggleLEDc
                0x000010f8       0x5c functions.o
                0x000010f8                _Z9ToggleLEDc
 .text._Z6setLEDc
                0x00001154       0x2a functions.o
                0x00001154                _Z6setLEDc
 .text._Z8resetLEDc
                0x0000117e       0x2a functions.o
                0x0000117e                _Z8resetLEDc
 .text._Z19receivedDataProcessPci
                0x000011a8        0xc functions.o
                0x000011a8                _Z19receivedDataProcessPci
 .text._Z17setGlobalIntrruptv
                0x000011b4        0xa functions.o
                0x000011b4                _Z17setGlobalIntrruptv
 .text._Z19resetGlobalIntrruptv
                0x000011be        0x8 functions.o
                0x000011be                _Z19resetGlobalIntrruptv
 .text._Z25resetAndStoreIntrruptFlagv
                0x000011c6        0xc functions.o
                0x000011c6                _Z25resetAndStoreIntrruptFlagv
 .text._Z15restoreIntrruptc
                0x000011d2       0x16 functions.o
                0x000011d2                _Z15restoreIntrruptc
 .text._Z26processSerialReceivedBytesv
                0x000011e8      0x460 functions.o
                0x000011e8                _Z26processSerialReceivedBytesv
 .text._Z36madeGetStatusCommandBaseOnMACAddressc
                0x00001648       0x18 functions.o
                0x00001648                _Z36madeGetStatusCommandBaseOnMACAddressc
 .text._Z20sendAlliveSerialDatav
                0x00001660       0x32 functions.o
                0x00001660                _Z20sendAlliveSerialDatav
 .text._Z16ResetSearchArrayv
                0x00001692       0x16 functions.o
                0x00001692                _Z16ResetSearchArrayv
 .text._Z41__static_initialization_and_destruction_0ii.part.0
                0x000016a8       0x28 GlobalVariables.o
 .text.startup._GLOBAL__sub_I_serial
                0x000016d0       0x28 GlobalVariables.o
 .text.exit._GLOBAL__sub_D_serial
                0x000016f8        0x4 GlobalVariables.o
 .text.startup.main
                0x000016fc      0x342 main.o
                0x000016fc                main
 .text._ZN6PacketC2Ev
                0x00001a3e        0x8 Packet.o
                0x00001a3e                _ZN6PacketC2Ev
                0x00001a3e                _ZN6PacketC1Ev
 .text._ZN6PacketD2Ev
                0x00001a46        0x2 Packet.o
                0x00001a46                _ZN6PacketD2Ev
                0x00001a46                _ZN6PacketD1Ev
 .text._ZN6Packet12createPacketEPciS0_
                0x00001a48       0xd8 Packet.o
                0x00001a48                _ZN6Packet12createPacketEPciS0_
 .text._ZN6Packet11extractDataEPcRi
                0x00001b20       0x9a Packet.o
                0x00001b20                _ZN6Packet11extractDataEPcRi
 .text._ZN6Serial4initEi
                0x00001bba       0x26 Serial.o
                0x00001bba                _ZN6Serial4initEi
 .text._ZN6Serial7putCharEc
                0x00001be0        0x8 Serial.o
                0x00001be0                _ZN6Serial7putCharEc
 .text._ZN6Serial15isSerialTxEmptyEv
                0x00001be8        0xa Serial.o
                0x00001be8                _ZN6Serial15isSerialTxEmptyEv
 .text._ZN6Serial14isSerialRxFullEv
                0x00001bf2        0xa Serial.o
                0x00001bf2                _ZN6Serial14isSerialRxFullEv
 .text._ZN11StationInfoC2Ev
                0x00001bfc        0xc StationInfo.o
                0x00001bfc                _ZN11StationInfoC2Ev
                0x00001bfc                _ZN11StationInfoC1Ev
 .text._ZN11StationInfoD2Ev
                0x00001c08        0x2 StationInfo.o
                0x00001c08                _ZN11StationInfoD1Ev
                0x00001c08                _ZN11StationInfoD2Ev
 .text._ZN11TransceiverC2Ev
                0x00001c0a       0x26 Transceiver.o
                0x00001c0a                _ZN11TransceiverC1Ev
                0x00001c0a                _ZN11TransceiverC2Ev
 .text._ZN11TransceiverD2Ev
                0x00001c30       0x18 Transceiver.o
                0x00001c30                _ZN11TransceiverD1Ev
                0x00001c30                _ZN11TransceiverD2Ev
 .text._ZN11Transceiver7setModeE14TranceiverMode
                0x00001c48        0x6 Transceiver.o
                0x00001c48                _ZN11Transceiver7setModeE14TranceiverMode
 .text._ZN11Transceiver11adfReadbackEc
                0x00001c4e        0x6 Transceiver.o
                0x00001c4e                _ZN11Transceiver11adfReadbackEc
 .text._ZN11Transceiver16transmitTimerISREv
                0x00001c54       0xea Transceiver.o
                0x00001c54                _ZN11Transceiver16transmitTimerISREv
 .text._ZN11Transceiver10isReceiverEv
                0x00001d3e        0x6 Transceiver.o
                0x00001d3e                _ZN11Transceiver10isReceiverEv
 .text._ZN11Transceiver10changeModeEv
                0x00001d44       0x66 Transceiver.o
                0x00001d44                _ZN11Transceiver10changeModeEv
 .text._ZN11Transceiver11writePacketEPc
                0x00001daa       0x32 Transceiver.o
                0x00001daa                _ZN11Transceiver11writePacketEPc
 .text._ZN11Transceiver17getFifoFullLengthEv
                0x00001ddc        0x6 Transceiver.o
                0x00001ddc                _ZN11Transceiver17getFifoFullLengthEv
 .text._ZN11Transceiver18readReceivedPacketEPc
                0x00001de2        0xe Transceiver.o
                0x00001de2                _ZN11Transceiver18readReceivedPacketEPc
 .text._ZN11Transceiver18isPreambleDetectedEv
                0x00001df0        0x6 Transceiver.o
                0x00001df0                _ZN11Transceiver18isPreambleDetectedEv
 .text.__vector_2
                0x00001df6       0x88 Transceiver.o
                0x00001df6                __vector_2
 .text.__vector_18
                0x00001e7e       0x4c Transceiver.o
                0x00001e7e                __vector_18
 .text.__vector_6
                0x00001eca       0x6a Transceiver.o
                0x00001eca                __vector_6
 .text.libgcc.mul
                0x00001f34        0xe c:/program files/atmel/atmel toolchain/avr8 gcc/native/3.4.2.1002/avr8-gnu-toolchain/bin/../lib/gcc/avr/4.7.2/avr5\libgcc.a(_usmulhisi3.o)
                0x00001f34                __usmulhisi3
                0x00001f38                __usmulhisi3_tail
 .text.libgcc.mul
                0x00001f42       0x10 c:/program files/atmel/atmel toolchain/avr8 gcc/native/3.4.2.1002/avr8-gnu-toolchain/bin/../lib/gcc/avr/4.7.2/avr5\libgcc.a(_mulshisi3.o)
                0x00001f42                __mulshisi3
                0x00001f48                __mulohisi3
 .text.libgcc   0x00001f52        0xc c:/program files/atmel/atmel toolchain/avr8 gcc/native/3.4.2.1002/avr8-gnu-toolchain/bin/../lib/gcc/avr/4.7.2/avr5\libgcc.a(_tablejump.o)
                0x00001f52                __tablejump2__
                0x00001f56                __tablejump__
 .text.libgcc.mul
                0x00001f5e       0x18 c:/program files/atmel/atmel toolchain/avr8 gcc/native/3.4.2.1002/avr8-gnu-toolchain/bin/../lib/gcc/avr/4.7.2/avr5\libgcc.a(_umulhisi3.o)
                0x00001f5e                __umulhisi3
 .text.libgcc.mul
                0x00001f76       0x16 c:/program files/atmel/atmel toolchain/avr8 gcc/native/3.4.2.1002/avr8-gnu-toolchain/bin/../lib/gcc/avr/4.7.2/avr5\libgcc.a(_muluhisi3.o)
                0x00001f76                __muluhisi3
                0x00001f8c                . = ALIGN (0x2)
 *(.fini9)
 .fini9         0x00001f8c        0x0 c:/program files/atmel/atmel toolchain/avr8 gcc/native/3.4.2.1002/avr8-gnu-toolchain/bin/../lib/gcc/avr/4.7.2/avr5\libgcc.a(_exit.o)
                0x00001f8c                _exit
                0x00001f8c                exit
 *(.fini9)
 *(.fini8)
 *(.fini8)
 *(.fini7)
 *(.fini7)
 *(.fini6)
 .fini6         0x00001f8c       0x16 c:/program files/atmel/atmel toolchain/avr8 gcc/native/3.4.2.1002/avr8-gnu-toolchain/bin/../lib/gcc/avr/4.7.2/avr5\libgcc.a(_dtors.o)
                0x00001f8c                __do_global_dtors
 *(.fini6)
 *(.fini5)
 *(.fini5)
 *(.fini4)
 *(.fini4)
 *(.fini3)
 *(.fini3)
 *(.fini2)
 *(.fini2)
 *(.fini1)
 *(.fini1)
 *(.fini0)
 .fini0         0x00001fa2        0x4 c:/program files/atmel/atmel toolchain/avr8 gcc/native/3.4.2.1002/avr8-gnu-toolchain/bin/../lib/gcc/avr/4.7.2/avr5\libgcc.a(_exit.o)
 *(.fini0)
                0x00001fa6                _etext = .

.data           0x00800060       0x10 load address 0x00001fa6
                0x00800060                PROVIDE (__data_start, .)
 *(.data)
 .data          0x00800060        0x0 c:/program files/atmel/atmel toolchain/avr8 gcc/native/3.4.2.1002/avr8-gnu-toolchain/bin/../lib/gcc/avr/4.7.2/../../../../avr/lib/avr5/crtm16.o
 .data          0x00800060        0x0 ADF7020.o
 .data          0x00800060        0x0 FIFO.o
 .data          0x00800060        0x0 functions.o
 .data          0x00800060        0x4 GlobalVariables.o
                0x00800060                searchindex
                0x00800062                maximumSearchBaseStationIndex
                0x00800063                minimumSearchBaseStationIndex
 .data          0x00800064        0x0 main.o
 .data          0x00800064        0x0 Message.o
 .data          0x00800064        0x0 Packet.o
 .data          0x00800064        0x0 Serial.o
 .data          0x00800064        0x0 StationInfo.o
 .data          0x00800064        0x0 Transceiver.o
 .data          0x00800064        0x0 c:/program files/atmel/atmel toolchain/avr8 gcc/native/3.4.2.1002/avr8-gnu-toolchain/bin/../lib/gcc/avr/4.7.2/avr5\libgcc.a(_exit.o)
 .data          0x00800064        0x0 c:/program files/atmel/atmel toolchain/avr8 gcc/native/3.4.2.1002/avr8-gnu-toolchain/bin/../lib/gcc/avr/4.7.2/avr5\libgcc.a(_copy_data.o)
 .data          0x00800064        0x0 c:/program files/atmel/atmel toolchain/avr8 gcc/native/3.4.2.1002/avr8-gnu-toolchain/bin/../lib/gcc/avr/4.7.2/avr5\libgcc.a(_clear_bss.o)
 .data          0x00800064        0x0 c:/program files/atmel/atmel toolchain/avr8 gcc/native/3.4.2.1002/avr8-gnu-toolchain/bin/../lib/gcc/avr/4.7.2/avr5\libgcc.a(_ctors.o)
 .data          0x00800064        0x0 c:/program files/atmel/atmel toolchain/avr8 gcc/native/3.4.2.1002/avr8-gnu-toolchain/bin/../lib/gcc/avr/4.7.2/avr5\libgcc.a(_dtors.o)
 .data          0x00800064        0x0 c:/program files/atmel/atmel toolchain/avr8 gcc/native/3.4.2.1002/avr8-gnu-toolchain/bin/../lib/gcc/avr/4.7.2/avr5\libgcc.a(_usmulhisi3.o)
 .data          0x00800064        0x0 c:/program files/atmel/atmel toolchain/avr8 gcc/native/3.4.2.1002/avr8-gnu-toolchain/bin/../lib/gcc/avr/4.7.2/avr5\libgcc.a(_mulshisi3.o)
 .data          0x00800064        0x0 c:/program files/atmel/atmel toolchain/avr8 gcc/native/3.4.2.1002/avr8-gnu-toolchain/bin/../lib/gcc/avr/4.7.2/avr5\libgcc.a(_tablejump.o)
 .data          0x00800064        0x0 c:/program files/atmel/atmel toolchain/avr8 gcc/native/3.4.2.1002/avr8-gnu-toolchain/bin/../lib/gcc/avr/4.7.2/avr5\libgcc.a(_umulhisi3.o)
 .data          0x00800064        0x0 c:/program files/atmel/atmel toolchain/avr8 gcc/native/3.4.2.1002/avr8-gnu-toolchain/bin/../lib/gcc/avr/4.7.2/avr5\libgcc.a(_muluhisi3.o)
 .data          0x00800064        0x0 c:/program files/atmel/atmel toolchain/avr8 gcc/native/3.4.2.1002/avr8-gnu-toolchain/bin/../lib/gcc/avr/4.7.2/../../../../avr/lib/avr5\libc.a(fputc.o)
 .data          0x00800064        0x0 c:/program files/atmel/atmel toolchain/avr8 gcc/native/3.4.2.1002/avr8-gnu-toolchain/bin/../lib/gcc/avr/4.7.2/../../../../avr/lib/avr5\libc.a(iob.o)
 *(.data*)
 *(.rodata)
 *(.rodata*)
 .rodata.str1.1
                0x00800064        0xb functions.o
 *(.gnu.linkonce.d*)
                0x00800070                . = ALIGN (0x2)
 *fill*         0x0080006f        0x1 
                0x00800070                _edata = .
                0x00800070                PROVIDE (__data_end, .)

.bss            0x00800070      0x3c8
                0x00800070                PROVIDE (__bss_start, .)
 *(.bss)
 .bss           0x00800070       0xf1 ADF7020.o
                0x00800070                ADF_Regs
 .bss           0x00800161       0x1a functions.o
 .bss           0x0080017b      0x237 GlobalVariables.o
                0x0080017b                commandArray
                0x00800194                searchdelaymaxL
                0x00800196                searchdelaymaxH
                0x00800198                searchdelaycounterL
                0x0080019a                searchdelaycounterH
                0x0080019c                searchpointer
                0x0080019e                searchingarray
                0x008001de                timeoutCounter
                0x008001e0                automaticSearchModeFlag
                0x008001e1                commandRecievedFlag
                0x008001e2                intrruptFlag
                0x008001e3                stationInfo
                0x00800221                serialRxDataBuffer
                0x0080029e                serialTxDataBuffer
                0x0080031b                transceiver
                0x008003aa                packetProcessor
                0x008003af                serial
 .bss           0x008003b2       0x86 main.o
                0x008003b2                commandPacket
                0x008003f5                receivedPacket
 *(.bss*)
 *(COMMON)
                0x00800438                PROVIDE (__bss_end, .)
                0x00001fa6                __data_load_start = LOADADDR (.data)
                0x00001fb6                __data_load_end = (__data_load_start + SIZEOF (.data))

.noinit         0x00800438        0x0
                0x00800438                PROVIDE (__noinit_start, .)
 *(.noinit*)
                0x00800438                PROVIDE (__noinit_end, .)
                0x00800438                _end = .
                0x00800438                PROVIDE (__heap_start, .)

.eeprom         0x00810000        0x0
 *(.eeprom*)
                0x00810000                __eeprom_end = .

.fuse
 *(.fuse)
 *(.lfuse)
 *(.hfuse)
 *(.efuse)

.lock
 *(.lock*)

.signature
 *(.signature*)

.user_signatures
 *(.user_signatures*)

.stab           0x00000000      0x6cc
 *(.stab)
 .stab          0x00000000      0x6cc c:/program files/atmel/atmel toolchain/avr8 gcc/native/3.4.2.1002/avr8-gnu-toolchain/bin/../lib/gcc/avr/4.7.2/../../../../avr/lib/avr5/crtm16.o

.stabstr        0x00000000       0x97
 *(.stabstr)
 .stabstr       0x00000000       0x97 c:/program files/atmel/atmel toolchain/avr8 gcc/native/3.4.2.1002/avr8-gnu-toolchain/bin/../lib/gcc/avr/4.7.2/../../../../avr/lib/avr5/crtm16.o

.stab.excl
 *(.stab.excl)

.stab.exclstr
 *(.stab.exclstr)

.stab.index
 *(.stab.index)

.stab.indexstr
 *(.stab.indexstr)

.comment        0x00000000       0x2f
 *(.comment)
 .comment       0x00000000       0x2f ADF7020.o
                                 0x30 (size before relaxing)
 .comment       0x00000000       0x30 FIFO.o
 .comment       0x00000000       0x30 functions.o
 .comment       0x00000000       0x30 GlobalVariables.o
 .comment       0x00000000       0x30 main.o
 .comment       0x00000000       0x30 Message.o
 .comment       0x00000000       0x30 Packet.o
 .comment       0x00000000       0x30 Serial.o
 .comment       0x00000000       0x30 StationInfo.o
 .comment       0x00000000       0x30 Transceiver.o
 .comment       0x00000000       0x30 c:/program files/atmel/atmel toolchain/avr8 gcc/native/3.4.2.1002/avr8-gnu-toolchain/bin/../lib/gcc/avr/4.7.2/../../../../avr/lib/avr5\libc.a(fputc.o)
 .comment       0x00000000       0x30 c:/program files/atmel/atmel toolchain/avr8 gcc/native/3.4.2.1002/avr8-gnu-toolchain/bin/../lib/gcc/avr/4.7.2/../../../../avr/lib/avr5\libc.a(iob.o)

.debug
 *(.debug)

.line
 *(.line)

.debug_srcinfo
 *(.debug_srcinfo)

.debug_sfnames
 *(.debug_sfnames)

.debug_aranges  0x00000000      0x3e0
 *(.debug_aranges)
 .debug_aranges
                0x00000000       0xb0 ADF7020.o
 .debug_aranges
                0x000000b0       0x60 FIFO.o
 .debug_aranges
                0x00000110       0x90 functions.o
 .debug_aranges
                0x000001a0       0x30 GlobalVariables.o
 .debug_aranges
                0x000001d0       0x20 main.o
 .debug_aranges
                0x000001f0       0x28 Message.o
 .debug_aranges
                0x00000218       0x48 Packet.o
 .debug_aranges
                0x00000260       0x60 Serial.o
 .debug_aranges
                0x000002c0       0x30 StationInfo.o
 .debug_aranges
                0x000002f0       0xb8 Transceiver.o
 .debug_aranges
                0x000003a8       0x20 c:/program files/atmel/atmel toolchain/avr8 gcc/native/3.4.2.1002/avr8-gnu-toolchain/bin/../lib/gcc/avr/4.7.2/../../../../avr/lib/avr5\libc.a(fputc.o)
 .debug_aranges
                0x000003c8       0x18 c:/program files/atmel/atmel toolchain/avr8 gcc/native/3.4.2.1002/avr8-gnu-toolchain/bin/../lib/gcc/avr/4.7.2/../../../../avr/lib/avr5\libc.a(iob.o)

.debug_pubnames
 *(.debug_pubnames)

.debug_info     0x00000000     0x95c8
 *(.debug_info)
 .debug_info    0x00000000     0x28b3 ADF7020.o
 .debug_info    0x000028b3      0x6f3 FIFO.o
 .debug_info    0x00002fa6      0xa9e functions.o
 .debug_info    0x00003a44     0x12a8 GlobalVariables.o
 .debug_info    0x00004cec     0x16bc main.o
 .debug_info    0x000063a8      0x54b Message.o
 .debug_info    0x000068f3      0x795 Packet.o
 .debug_info    0x00007088      0x6ea Serial.o
 .debug_info    0x00007772      0x3b1 StationInfo.o
 .debug_info    0x00007b23     0x17e3 Transceiver.o
 .debug_info    0x00009306      0x174 c:/program files/atmel/atmel toolchain/avr8 gcc/native/3.4.2.1002/avr8-gnu-toolchain/bin/../lib/gcc/avr/4.7.2/../../../../avr/lib/avr5\libc.a(fputc.o)
 .debug_info    0x0000947a      0x14e c:/program files/atmel/atmel toolchain/avr8 gcc/native/3.4.2.1002/avr8-gnu-toolchain/bin/../lib/gcc/avr/4.7.2/../../../../avr/lib/avr5\libc.a(iob.o)
 *(.gnu.linkonce.wi.*)

.debug_abbrev   0x00000000     0x1d19
 *(.debug_abbrev)
 .debug_abbrev  0x00000000      0x482 ADF7020.o
 .debug_abbrev  0x00000482      0x24d FIFO.o
 .debug_abbrev  0x000006cf      0x30a functions.o
 .debug_abbrev  0x000009d9      0x247 GlobalVariables.o
 .debug_abbrev  0x00000c20      0x33c main.o
 .debug_abbrev  0x00000f5c      0x1fb Message.o
 .debug_abbrev  0x00001157      0x275 Packet.o
 .debug_abbrev  0x000013cc      0x274 Serial.o
 .debug_abbrev  0x00001640      0x17f StationInfo.o
 .debug_abbrev  0x000017bf      0x3a8 Transceiver.o
 .debug_abbrev  0x00001b67       0xf1 c:/program files/atmel/atmel toolchain/avr8 gcc/native/3.4.2.1002/avr8-gnu-toolchain/bin/../lib/gcc/avr/4.7.2/../../../../avr/lib/avr5\libc.a(fputc.o)
 .debug_abbrev  0x00001c58       0xc1 c:/program files/atmel/atmel toolchain/avr8 gcc/native/3.4.2.1002/avr8-gnu-toolchain/bin/../lib/gcc/avr/4.7.2/../../../../avr/lib/avr5\libc.a(iob.o)

.debug_line     0x00000000     0x1bed
 *(.debug_line)
 .debug_line    0x00000000      0x913 ADF7020.o
 .debug_line    0x00000913      0x161 FIFO.o
 .debug_line    0x00000a74      0x343 functions.o
 .debug_line    0x00000db7      0x152 GlobalVariables.o
 .debug_line    0x00000f09      0x2b9 main.o
 .debug_line    0x000011c2       0xa2 Message.o
 .debug_line    0x00001264      0x1dd Packet.o
 .debug_line    0x00001441      0x1b5 Serial.o
 .debug_line    0x000015f6      0x111 StationInfo.o
 .debug_line    0x00001707      0x2f7 Transceiver.o
 .debug_line    0x000019fe      0x104 c:/program files/atmel/atmel toolchain/avr8 gcc/native/3.4.2.1002/avr8-gnu-toolchain/bin/../lib/gcc/avr/4.7.2/../../../../avr/lib/avr5\libc.a(fputc.o)
 .debug_line    0x00001b02       0xeb c:/program files/atmel/atmel toolchain/avr8 gcc/native/3.4.2.1002/avr8-gnu-toolchain/bin/../lib/gcc/avr/4.7.2/../../../../avr/lib/avr5\libc.a(iob.o)

.debug_frame    0x00000000      0x98c
 *(.debug_frame)
 .debug_frame   0x00000000      0x1c4 ADF7020.o
 .debug_frame   0x000001c4      0x188 FIFO.o
 .debug_frame   0x0000034c      0x118 functions.o
 .debug_frame   0x00000464       0x44 GlobalVariables.o
 .debug_frame   0x000004a8       0x34 main.o
 .debug_frame   0x000004dc       0x4c Message.o
 .debug_frame   0x00000528       0xa4 Packet.o
 .debug_frame   0x000005cc       0xb0 Serial.o
 .debug_frame   0x0000067c       0x44 StationInfo.o
 .debug_frame   0x000006c0      0x294 Transceiver.o
 .debug_frame   0x00000954       0x38 c:/program files/atmel/atmel toolchain/avr8 gcc/native/3.4.2.1002/avr8-gnu-toolchain/bin/../lib/gcc/avr/4.7.2/../../../../avr/lib/avr5\libc.a(fputc.o)

.debug_str      0x00000000     0x226c
 *(.debug_str)
 .debug_str     0x00000000     0x12a1 ADF7020.o
                               0x1304 (size before relaxing)
 .debug_str     0x000012a1      0x1d6 FIFO.o
                                0x2c5 (size before relaxing)
 .debug_str     0x00001477      0x358 functions.o
                                0x8ba (size before relaxing)
 .debug_str     0x000017cf      0x68f GlobalVariables.o
                               0x110b (size before relaxing)
 .debug_str     0x00001e5e       0x60 main.o
                               0x142a (size before relaxing)
 .debug_str     0x00001ebe      0x11f Message.o
                                0x48b (size before relaxing)
 .debug_str     0x00001fdd       0x7d Packet.o
                                0x421 (size before relaxing)
 .debug_str     0x0000205a       0x4a Serial.o
                                0x39b (size before relaxing)
 .debug_str     0x000020a4       0x85 StationInfo.o
                                0x2d7 (size before relaxing)
 .debug_str     0x00002129       0x6e Transceiver.o
                                0xfb2 (size before relaxing)
 .debug_str     0x00002197       0x75 c:/program files/atmel/atmel toolchain/avr8 gcc/native/3.4.2.1002/avr8-gnu-toolchain/bin/../lib/gcc/avr/4.7.2/../../../../avr/lib/avr5\libc.a(fputc.o)
                                0x10d (size before relaxing)
 .debug_str     0x0000220c       0x60 c:/program files/atmel/atmel toolchain/avr8 gcc/native/3.4.2.1002/avr8-gnu-toolchain/bin/../lib/gcc/avr/4.7.2/../../../../avr/lib/avr5\libc.a(iob.o)
                                0x10d (size before relaxing)

.debug_loc      0x00000000     0x39d2
 *(.debug_loc)
 .debug_loc     0x00000000     0x1391 ADF7020.o
 .debug_loc     0x00001391      0xa73 FIFO.o
 .debug_loc     0x00001e04      0x550 functions.o
 .debug_loc     0x00002354      0x214 main.o
 .debug_loc     0x00002568      0x1eb Message.o
 .debug_loc     0x00002753      0x4c1 Packet.o
 .debug_loc     0x00002c14      0x228 Serial.o
 .debug_loc     0x00002e3c       0x60 StationInfo.o
 .debug_loc     0x00002e9c      0xa43 Transceiver.o
 .debug_loc     0x000038df       0xf3 c:/program files/atmel/atmel toolchain/avr8 gcc/native/3.4.2.1002/avr8-gnu-toolchain/bin/../lib/gcc/avr/4.7.2/../../../../avr/lib/avr5\libc.a(fputc.o)

.debug_macinfo
 *(.debug_macinfo)

.debug_pubtypes
 *(.debug_pubtypes)

.debug_ranges   0x00000000      0x938
 *(.debug_ranges)
 .debug_ranges  0x00000000      0x328 ADF7020.o
 .debug_ranges  0x00000328      0x1f0 FIFO.o
 .debug_ranges  0x00000518       0xe8 functions.o
 .debug_ranges  0x00000600       0x20 GlobalVariables.o
 .debug_ranges  0x00000620       0xc8 main.o
 .debug_ranges  0x000006e8       0x18 Message.o
 .debug_ranges  0x00000700       0x60 Packet.o
 .debug_ranges  0x00000760       0x68 Serial.o
 .debug_ranges  0x000007c8       0x20 StationInfo.o
 .debug_ranges  0x000007e8      0x140 Transceiver.o
 .debug_ranges  0x00000928       0x10 c:/program files/atmel/atmel toolchain/avr8 gcc/native/3.4.2.1002/avr8-gnu-toolchain/bin/../lib/gcc/avr/4.7.2/../../../../avr/lib/avr5\libc.a(fputc.o)

.debug_macro
 *(.debug_macro)
OUTPUT(BaseStationCenter.elf elf32-avr)
LOAD linker stubs
